2026-07-23T00:56:14+00:00 INFO Webhook event: cartflows_step_visited - Step 10 (Type: checkout)
2026-07-23T00:56:14+00:00 INFO Webhook dispatch: No webhooks found for event cartflows_step_visited
2026-07-23T00:56:21+00:00 INFO Webhook event: checkout_initiated - Step 10
2026-07-23T00:56:21+00:00 INFO Webhook dispatch: No webhooks found for event checkout_initiated
2026-07-23T01:02:48+00:00 INFO Webhook event: cartflows_step_visited - Step 10 (Type: checkout)
2026-07-23T01:02:48+00:00 INFO Webhook dispatch: No webhooks found for event cartflows_step_visited
2026-07-23T01:02:52+00:00 INFO Webhook event: checkout_initiated - Step 10
2026-07-23T01:02:52+00:00 INFO Webhook dispatch: No webhooks found for event checkout_initiated
2026-07-23T01:03:05+00:00 INFO Webhook event: cartflows_step_visited - Step 10 (Type: checkout)
2026-07-23T01:03:05+00:00 INFO Webhook dispatch: No webhooks found for event cartflows_step_visited
2026-07-23T01:03:08+00:00 INFO Webhook event: checkout_initiated - Step 10
2026-07-23T01:03:08+00:00 INFO Webhook dispatch: No webhooks found for event checkout_initiated
2026-07-23T01:09:26+00:00 INFO Webhook event: cartflows_step_visited - Step 10 (Type: checkout)
2026-07-23T01:09:26+00:00 INFO Webhook dispatch: No webhooks found for event cartflows_step_visited
2026-07-23T01:12:55+00:00 INFO Webhook event: cartflows_step_visited - Step 10 (Type: checkout)
2026-07-23T01:12:55+00:00 INFO Webhook dispatch: No webhooks found for event cartflows_step_visited
2026-07-23T01:12:59+00:00 INFO Webhook event: checkout_initiated - Step 10
2026-07-23T01:12:59+00:00 INFO Webhook dispatch: No webhooks found for event checkout_initiated
2026-07-23T01:14:14+00:00 INFO Webhook event: cartflows_step_visited - Step 10 (Type: checkout)
2026-07-23T01:14:14+00:00 INFO Webhook dispatch: No webhooks found for event cartflows_step_visited
2026-07-23T01:16:22+00:00 INFO Webhook event: cartflows_step_visited - Step 10 (Type: checkout)
2026-07-23T01:16:22+00:00 INFO Webhook dispatch: No webhooks found for event cartflows_step_visited
2026-07-23T01:16:26+00:00 INFO Webhook event: checkout_initiated - Step 10
2026-07-23T01:16:26+00:00 INFO Webhook dispatch: No webhooks found for event checkout_initiated
2026-07-23T01:17:03+00:00 INFO Webhook event: cartflows_step_visited - Step 10 (Type: checkout)
2026-07-23T01:17:03+00:00 INFO Webhook dispatch: No webhooks found for event cartflows_step_visited
2026-07-23T01:17:06+00:00 INFO Webhook event: checkout_initiated - Step 10
2026-07-23T01:17:06+00:00 INFO Webhook dispatch: No webhooks found for event checkout_initiated
2026-07-23T01:18:51+00:00 INFO Webhook event: cartflows_step_visited - Step 10 (Type: checkout)
2026-07-23T01:18:51+00:00 INFO Webhook dispatch: No webhooks found for event cartflows_step_visited
2026-07-23T01:19:11+00:00 INFO Webhook event: cartflows_step_visited - Step 10 (Type: checkout)
2026-07-23T01:19:11+00:00 INFO Webhook dispatch: No webhooks found for event cartflows_step_visited
2026-07-23T01:19:12+00:00 INFO Webhook event: cartflows_step_visited - Step 10 (Type: checkout)
2026-07-23T01:19:12+00:00 INFO Webhook dispatch: No webhooks found for event cartflows_step_visited
2026-07-23T01:19:46+00:00 INFO Webhook event: cartflows_step_visited - Step 10 (Type: checkout)
2026-07-23T01:19:46+00:00 INFO Webhook dispatch: No webhooks found for event cartflows_step_visited
2026-07-23T01:20:42+00:00 INFO Webhook event: cartflows_step_visited - Step 10 (Type: checkout)
2026-07-23T01:20:42+00:00 INFO Webhook dispatch: No webhooks found for event cartflows_step_visited
2026-07-23T01:21:52+00:00 INFO Webhook event: cartflows_step_visited - Step 10 (Type: checkout)
2026-07-23T01:21:52+00:00 INFO Webhook dispatch: No webhooks found for event cartflows_step_visited
2026-07-23T01:22:00+00:00 INFO Webhook event: checkout_initiated - Step 10
2026-07-23T01:22:00+00:00 INFO Webhook dispatch: No webhooks found for event checkout_initiated
2026-07-23T01:24:16+00:00 INFO Webhook event: cartflows_step_visited - Step 10 (Type: checkout)
2026-07-23T01:24:16+00:00 INFO Webhook dispatch: No webhooks found for event cartflows_step_visited
2026-07-23T01:25:48+00:00 INFO Webhook event: cartflows_step_visited - Step 10 (Type: checkout)
2026-07-23T01:25:48+00:00 INFO Webhook dispatch: No webhooks found for event cartflows_step_visited
2026-07-23T01:25:54+00:00 INFO Webhook event: checkout_initiated - Step 10
2026-07-23T01:25:54+00:00 INFO Webhook dispatch: No webhooks found for event checkout_initiated
2026-07-23T01:26:17+00:00 INFO Webhook event: cartflows_step_visited - Step 10 (Type: checkout)
2026-07-23T01:26:17+00:00 INFO Webhook dispatch: No webhooks found for event cartflows_step_visited
2026-07-23T01:26:25+00:00 INFO Webhook event: checkout_initiated - Step 10
2026-07-23T01:26:25+00:00 INFO Webhook dispatch: No webhooks found for event checkout_initiated
2026-07-23T01:26:31+00:00 INFO Webhook event: cartflows_step_visited - Step 10 (Type: checkout)
2026-07-23T01:26:31+00:00 INFO Webhook dispatch: No webhooks found for event cartflows_step_visited
2026-07-23T01:26:36+00:00 INFO Webhook event: checkout_initiated - Step 10
2026-07-23T01:26:36+00:00 INFO Webhook dispatch: No webhooks found for event checkout_initiated
2026-07-23T01:34:01+00:00 INFO Webhook event: cartflows_step_visited - Step 10 (Type: checkout)
2026-07-23T01:34:01+00:00 INFO Webhook dispatch: No webhooks found for event cartflows_step_visited
2026-07-23T01:35:51+00:00 INFO Webhook event: cartflows_step_visited - Step 10 (Type: checkout)
2026-07-23T01:35:51+00:00 INFO Webhook dispatch: No webhooks found for event cartflows_step_visited
2026-07-23T01:35:58+00:00 INFO Webhook event: checkout_initiated - Step 10
2026-07-23T01:35:58+00:00 INFO Webhook dispatch: No webhooks found for event checkout_initiated
2026-07-23T01:42:42+00:00 INFO Webhook event: cartflows_step_visited - Step 10 (Type: checkout)
2026-07-23T01:42:42+00:00 INFO Webhook dispatch: No webhooks found for event cartflows_step_visited
2026-07-23T01:42:49+00:00 INFO Webhook event: checkout_initiated - Step 10
2026-07-23T01:42:49+00:00 INFO Webhook dispatch: No webhooks found for event checkout_initiated
2026-07-23T01:43:14+00:00 INFO Webhook event: checkout_initiated - Step 10
2026-07-23T01:43:14+00:00 INFO Webhook dispatch: No webhooks found for event checkout_initiated
2026-07-23T01:43:29+00:00 INFO Webhook event: checkout_initiated - Step 10
2026-07-23T01:43:29+00:00 INFO Webhook dispatch: No webhooks found for event checkout_initiated
2026-07-23T01:44:52+00:00 INFO Webhook event: checkout_initiated - Step 10
2026-07-23T01:44:52+00:00 INFO Webhook dispatch: No webhooks found for event checkout_initiated
2026-07-23T01:45:13+00:00 INFO Webhook event: cartflows_step_visited - Step 10 (Type: checkout)
2026-07-23T01:45:13+00:00 INFO Webhook dispatch: No webhooks found for event cartflows_step_visited
2026-07-23T01:45:20+00:00 INFO Webhook event: checkout_initiated - Step 10
2026-07-23T01:45:20+00:00 INFO Webhook dispatch: No webhooks found for event checkout_initiated
2026-07-23T01:47:48+00:00 INFO Webhook event: cartflows_step_visited - Step 10 (Type: checkout)
2026-07-23T01:47:48+00:00 INFO Webhook dispatch: No webhooks found for event cartflows_step_visited
2026-07-23T01:47:58+00:00 INFO Webhook event: checkout_initiated - Step 10
2026-07-23T01:47:58+00:00 INFO Webhook dispatch: No webhooks found for event checkout_initiated
2026-07-23T01:50:03+00:00 INFO Webhook event: checkout_initiated - Step 10
2026-07-23T01:50:03+00:00 INFO Webhook dispatch: No webhooks found for event checkout_initiated
2026-07-23T01:50:10+00:00 INFO Webhook event: cartflows_step_visited - Step 10 (Type: checkout)
2026-07-23T01:50:10+00:00 INFO Webhook dispatch: No webhooks found for event cartflows_step_visited
2026-07-23T01:50:18+00:00 INFO Webhook event: checkout_initiated - Step 10
2026-07-23T01:50:18+00:00 INFO Webhook dispatch: No webhooks found for event checkout_initiated
2026-07-23T01:50:38+00:00 INFO Webhook event: order_created - Order 7993 Flow 9
2026-07-23T01:50:38+00:00 INFO Webhook dispatch: No webhooks found for event order_created
2026-07-23T01:50:39+00:00 INFO Start-Cartflows_Frontend::redirect_to_thankyou_page
2026-07-23T01:50:39+00:00 INFO Only for thank you page
2026-07-23T01:50:39+00:00 INFO Checkout ID : 10
2026-07-23T01:50:39+00:00 INFO End-Cartflows_Frontend::redirect_to_thankyou_page
2026-07-23T01:50:41+00:00 INFO Webhook event: cartflows_step_visited - Step 11 (Type: thankyou)
2026-07-23T01:50:41+00:00 INFO Webhook dispatch: No webhooks found for event cartflows_step_visited
2026-07-23T01:50:52+00:00 INFO Webhook event: cartflows_step_visited - Step 10 (Type: checkout)
2026-07-23T01:50:52+00:00 INFO Webhook dispatch: No webhooks found for event cartflows_step_visited
2026-07-23T01:51:45+00:00 INFO Webhook event: cartflows_step_visited - Step 10 (Type: checkout)
2026-07-23T01:51:45+00:00 INFO Webhook dispatch: No webhooks found for event cartflows_step_visited
2026-07-23T01:51:52+00:00 INFO Webhook event: checkout_initiated - Step 10
2026-07-23T01:51:52+00:00 INFO Webhook dispatch: No webhooks found for event checkout_initiated
2026-07-23T01:52:01+00:00 INFO Webhook event: order_created - Order 7994 Flow 9
2026-07-23T01:52:01+00:00 INFO Webhook dispatch: No webhooks found for event order_created
2026-07-23T01:52:01+00:00 INFO Webhook event: order_completed - Order 7994 Flow 9 (status: pending -> processing)
2026-07-23T01:52:01+00:00 INFO Webhook dispatch: No webhooks found for event order_completed
2026-07-23T01:52:01+00:00 INFO Start-Cartflows_Frontend::redirect_to_thankyou_page
2026-07-23T01:52:01+00:00 INFO Only for thank you page
2026-07-23T01:52:01+00:00 INFO Checkout ID : 10
2026-07-23T01:52:01+00:00 INFO End-Cartflows_Frontend::redirect_to_thankyou_page
2026-07-23T01:52:04+00:00 INFO Webhook event: cartflows_step_visited - Step 11 (Type: thankyou)
2026-07-23T01:52:04+00:00 INFO Webhook dispatch: No webhooks found for event cartflows_step_visited
2026-07-23T01:53:21+00:00 INFO Webhook event: cartflows_step_visited - Step 10 (Type: checkout)
2026-07-23T01:53:21+00:00 INFO Webhook dispatch: No webhooks found for event cartflows_step_visited
2026-07-23T01:53:33+00:00 INFO Webhook event: cartflows_step_visited - Step 10 (Type: checkout)
2026-07-23T01:53:33+00:00 INFO Webhook dispatch: No webhooks found for event cartflows_step_visited
2026-07-23T01:53:45+00:00 INFO Webhook event: cartflows_step_visited - Step 10 (Type: checkout)
2026-07-23T01:53:45+00:00 INFO Webhook dispatch: No webhooks found for event cartflows_step_visited
2026-07-23T02:02:04+00:00 INFO Webhook event: cartflows_step_visited - Step 10 (Type: checkout)
2026-07-23T02:02:04+00:00 INFO Webhook dispatch: No webhooks found for event cartflows_step_visited
2026-07-23T02:02:14+00:00 INFO Webhook event: checkout_initiated - Step 10
2026-07-23T02:02:14+00:00 INFO Webhook dispatch: No webhooks found for event checkout_initiated
2026-07-23T02:02:32+00:00 INFO Webhook event: cartflows_step_visited - Step 11 (Type: thankyou)
2026-07-23T02:02:32+00:00 INFO Webhook dispatch: No webhooks found for event cartflows_step_visited
2026-07-23T02:05:18+00:00 INFO Webhook event: cartflows_step_visited - Step 11 (Type: thankyou)
2026-07-23T02:05:18+00:00 INFO Webhook dispatch: No webhooks found for event cartflows_step_visited
2026-07-23T02:05:33+00:00 INFO Webhook event: cartflows_step_visited - Step 11 (Type: thankyou)
2026-07-23T02:05:33+00:00 INFO Webhook dispatch: No webhooks found for event cartflows_step_visited
2026-07-23T02:06:32+00:00 INFO Webhook event: cartflows_step_visited - Step 10 (Type: checkout)
2026-07-23T02:06:32+00:00 INFO Webhook dispatch: No webhooks found for event cartflows_step_visited
2026-07-23T02:06:43+00:00 INFO Webhook event: checkout_initiated - Step 10
2026-07-23T02:06:43+00:00 INFO Webhook dispatch: No webhooks found for event checkout_initiated
2026-07-23T02:06:44+00:00 INFO Webhook event: order_created - Order 7995 Flow 9
2026-07-23T02:06:44+00:00 INFO Webhook dispatch: No webhooks found for event order_created
2026-07-23T02:06:45+00:00 INFO Webhook event: order_completed - Order 7995 Flow 9 (status: pending -> processing)
2026-07-23T02:06:45+00:00 INFO Webhook dispatch: No webhooks found for event order_completed
2026-07-23T02:06:45+00:00 INFO Start-Cartflows_Frontend::redirect_to_thankyou_page
2026-07-23T02:06:45+00:00 INFO Only for thank you page
2026-07-23T02:06:45+00:00 INFO Checkout ID : 10
2026-07-23T02:06:45+00:00 INFO End-Cartflows_Frontend::redirect_to_thankyou_page
2026-07-23T02:06:50+00:00 INFO Webhook event: cartflows_step_visited - Step 11 (Type: thankyou)
2026-07-23T02:06:50+00:00 INFO Webhook dispatch: No webhooks found for event cartflows_step_visited
2026-07-23T02:13:59+00:00 INFO Webhook event: cartflows_step_visited - Step 11 (Type: thankyou)
2026-07-23T02:13:59+00:00 INFO Webhook dispatch: No webhooks found for event cartflows_step_visited
2026-07-23T02:24:37+00:00 INFO Webhook event: cartflows_step_visited - Step 10 (Type: checkout)
2026-07-23T02:24:37+00:00 INFO Webhook dispatch: No webhooks found for event cartflows_step_visited
2026-07-23T02:24:53+00:00 INFO Webhook event: checkout_initiated - Step 10
2026-07-23T02:24:53+00:00 INFO Webhook dispatch: No webhooks found for event checkout_initiated
2026-07-23T02:31:33+00:00 INFO Webhook event: order_created - Order 7996 Flow 9
2026-07-23T02:31:33+00:00 INFO Webhook dispatch: No webhooks found for event order_created
2026-07-23T02:31:33+00:00 INFO Webhook event: order_completed - Order 7996 Flow 9 (status: pending -> processing)
2026-07-23T02:31:33+00:00 INFO Webhook dispatch: No webhooks found for event order_completed
2026-07-23T02:31:33+00:00 INFO Start-Cartflows_Frontend::redirect_to_thankyou_page
2026-07-23T02:31:33+00:00 INFO Only for thank you page
2026-07-23T02:31:33+00:00 INFO Checkout ID : 10
2026-07-23T02:31:33+00:00 INFO End-Cartflows_Frontend::redirect_to_thankyou_page
2026-07-23T02:31:35+00:00 INFO Webhook event: cartflows_step_visited - Step 11 (Type: thankyou)
2026-07-23T02:31:35+00:00 INFO Webhook dispatch: No webhooks found for event cartflows_step_visited
2026-07-23T02:32:03+00:00 INFO Webhook event: cartflows_step_visited - Step 10 (Type: checkout)
2026-07-23T02:32:03+00:00 INFO Webhook dispatch: No webhooks found for event cartflows_step_visited
2026-07-23T02:36:59+00:00 INFO Webhook event: cartflows_step_visited - Step 11 (Type: thankyou)
2026-07-23T02:36:59+00:00 INFO Webhook dispatch: No webhooks found for event cartflows_step_visited
2026-07-23T02:38:18+00:00 INFO Webhook event: cartflows_step_visited - Step 11 (Type: thankyou)
2026-07-23T02:38:18+00:00 INFO Webhook dispatch: No webhooks found for event cartflows_step_visited
2026-07-23T02:38:41+00:00 INFO Webhook event: cartflows_step_visited - Step 11 (Type: thankyou)
2026-07-23T02:38:41+00:00 INFO Webhook dispatch: No webhooks found for event cartflows_step_visited
2026-07-23T02:41:18+00:00 INFO Webhook event: cartflows_step_visited - Step 11 (Type: thankyou)
2026-07-23T02:41:18+00:00 INFO Webhook dispatch: No webhooks found for event cartflows_step_visited
2026-07-23T02:43:29+00:00 INFO Webhook event: cartflows_step_visited - Step 11 (Type: thankyou)
2026-07-23T02:43:29+00:00 INFO Webhook dispatch: No webhooks found for event cartflows_step_visited
2026-07-23T02:43:59+00:00 INFO Webhook event: cartflows_step_visited - Step 11 (Type: thankyou)
2026-07-23T02:43:59+00:00 INFO Webhook dispatch: No webhooks found for event cartflows_step_visited
2026-07-23T02:44:19+00:00 INFO Webhook event: cartflows_step_visited - Step 10 (Type: checkout)
2026-07-23T02:44:19+00:00 INFO Webhook dispatch: No webhooks found for event cartflows_step_visited
2026-07-23T02:44:29+00:00 INFO Webhook event: checkout_initiated - Step 10
2026-07-23T02:44:29+00:00 INFO Webhook dispatch: No webhooks found for event checkout_initiated
2026-07-23T02:45:24+00:00 INFO Webhook event: order_created - Order 7997 Flow 9
2026-07-23T02:45:24+00:00 INFO Webhook dispatch: No webhooks found for event order_created
2026-07-23T02:45:25+00:00 INFO Webhook event: order_completed - Order 7997 Flow 9 (status: pending -> processing)
2026-07-23T02:45:25+00:00 INFO Webhook dispatch: No webhooks found for event order_completed
2026-07-23T02:45:25+00:00 INFO Start-Cartflows_Frontend::redirect_to_thankyou_page
2026-07-23T02:45:25+00:00 INFO Only for thank you page
2026-07-23T02:45:25+00:00 INFO Checkout ID : 10
2026-07-23T02:45:25+00:00 INFO End-Cartflows_Frontend::redirect_to_thankyou_page
2026-07-23T02:45:28+00:00 INFO Webhook event: cartflows_step_visited - Step 11 (Type: thankyou)
2026-07-23T02:45:28+00:00 INFO Webhook dispatch: No webhooks found for event cartflows_step_visited
2026-07-23T02:47:32+00:00 INFO Webhook event: cartflows_step_visited - Step 11 (Type: thankyou)
2026-07-23T02:47:32+00:00 INFO Webhook dispatch: No webhooks found for event cartflows_step_visited
2026-07-23T02:58:06+00:00 INFO Webhook event: cartflows_step_visited - Step 11 (Type: thankyou)
2026-07-23T02:58:06+00:00 INFO Webhook dispatch: No webhooks found for event cartflows_step_visited
2026-07-23T02:59:01+00:00 INFO Webhook event: cartflows_step_visited - Step 11 (Type: thankyou)
2026-07-23T02:59:01+00:00 INFO Webhook dispatch: No webhooks found for event cartflows_step_visited
2026-07-23T03:00:51+00:00 INFO Webhook event: cartflows_step_visited - Step 11 (Type: thankyou)
2026-07-23T03:00:51+00:00 INFO Webhook dispatch: No webhooks found for event cartflows_step_visited
2026-07-23T03:02:48+00:00 INFO Webhook event: cartflows_step_visited - Step 11 (Type: thankyou)
2026-07-23T03:02:48+00:00 INFO Webhook dispatch: No webhooks found for event cartflows_step_visited
2026-07-23T03:06:50+00:00 INFO Webhook event: cartflows_step_visited - Step 11 (Type: thankyou)
2026-07-23T03:06:50+00:00 INFO Webhook dispatch: No webhooks found for event cartflows_step_visited
2026-07-23T03:09:53+00:00 INFO Webhook event: cartflows_step_visited - Step 11 (Type: thankyou)
2026-07-23T03:09:53+00:00 INFO Webhook dispatch: No webhooks found for event cartflows_step_visited
2026-07-23T03:10:51+00:00 INFO Webhook event: cartflows_step_visited - Step 11 (Type: thankyou)
2026-07-23T03:10:51+00:00 INFO Webhook dispatch: No webhooks found for event cartflows_step_visited
2026-07-23T03:14:12+00:00 INFO Webhook event: cartflows_step_visited - Step 11 (Type: thankyou)
2026-07-23T03:14:12+00:00 INFO Webhook dispatch: No webhooks found for event cartflows_step_visited
2026-07-23T03:19:26+00:00 INFO Webhook event: cartflows_step_visited - Step 11 (Type: thankyou)
2026-07-23T03:19:26+00:00 INFO Webhook dispatch: No webhooks found for event cartflows_step_visited
2026-07-23T03:22:09+00:00 INFO Webhook event: order_completed - Order 7997 Flow 9 (status: processing -> completed)
2026-07-23T03:22:09+00:00 INFO Webhook dispatch: No webhooks found for event order_completed
2026-07-23T03:23:30+00:00 INFO Webhook event: cartflows_step_visited - Step 11 (Type: thankyou)
2026-07-23T03:23:30+00:00 INFO Webhook dispatch: No webhooks found for event cartflows_step_visited
2026-07-23T03:56:03+00:00 INFO Webhook event: order_completed - Order 7996 Flow 9 (status: processing -> completed)
2026-07-23T03:56:03+00:00 INFO Webhook dispatch: No webhooks found for event order_completed
2026-07-23T04:12:21+00:00 INFO Webhook event: cartflows_step_visited - Step 11 (Type: thankyou)
2026-07-23T04:12:21+00:00 INFO Webhook dispatch: No webhooks found for event cartflows_step_visited
2026-07-23T04:24:24+00:00 INFO Webhook event: order_completed - Order 7995 Flow 9 (status: processing -> completed)
2026-07-23T04:24:24+00:00 INFO Webhook dispatch: No webhooks found for event order_completed
2026-07-23T04:27:39+00:00 INFO Webhook event: order_completed - Order 7994 Flow 9 (status: processing -> completed)
2026-07-23T04:27:39+00:00 INFO Webhook dispatch: No webhooks found for event order_completed
2026-07-23T04:39:32+00:00 INFO Webhook event: order_completed - Order 7996 Flow 9 (status: completed -> processing)
2026-07-23T04:39:32+00:00 INFO Webhook dispatch: No webhooks found for event order_completed
2026-07-23T05:19:10+00:00 INFO Webhook event: cartflows_step_visited - Step 11 (Type: thankyou)
2026-07-23T05:19:10+00:00 INFO Webhook dispatch: No webhooks found for event cartflows_step_visited
2026-07-23T07:38:37+00:00 INFO Webhook event: order_completed - Order 7997 Flow 9 (status: on-hold -> completed)
2026-07-23T07:38:37+00:00 INFO Webhook dispatch: No webhooks found for event order_completed
2026-07-23T07:45:25+00:00 INFO Webhook event: order_completed - Order 7997 Flow 9 (status: on-hold -> completed)
2026-07-23T07:45:25+00:00 INFO Webhook dispatch: No webhooks found for event order_completed
2026-07-23T07:45:25+00:00 INFO Webhook event: order_completed - Order 7996 Flow 9 (status: on-hold -> processing)
2026-07-23T07:45:25+00:00 INFO Webhook dispatch: No webhooks found for event order_completed
2026-07-23T09:15:44+00:00 INFO Webhook event: cartflows_step_visited - Step 11 (Type: thankyou)
2026-07-23T09:15:44+00:00 INFO Webhook dispatch: No webhooks found for event cartflows_step_visited
2026-07-23T09:16:25+00:00 INFO Webhook event: cartflows_step_visited - Step 10 (Type: checkout)
2026-07-23T09:16:25+00:00 INFO Webhook dispatch: No webhooks found for event cartflows_step_visited
2026-07-23T09:16:38+00:00 INFO Webhook event: checkout_initiated - Step 10
2026-07-23T09:16:38+00:00 INFO Webhook dispatch: No webhooks found for event checkout_initiated
2026-07-23T09:16:56+00:00 INFO Webhook event: order_created - Order 8017 Flow 9
2026-07-23T09:16:56+00:00 INFO Webhook dispatch: No webhooks found for event order_created
2026-07-23T09:16:57+00:00 INFO Webhook event: order_completed - Order 8017 Flow 9 (status: pending -> processing)
2026-07-23T09:16:57+00:00 INFO Webhook dispatch: No webhooks found for event order_completed
2026-07-23T09:16:57+00:00 INFO Start-Cartflows_Frontend::redirect_to_thankyou_page
2026-07-23T09:16:57+00:00 INFO Only for thank you page
2026-07-23T09:16:57+00:00 INFO Checkout ID : 10
2026-07-23T09:16:57+00:00 INFO End-Cartflows_Frontend::redirect_to_thankyou_page
2026-07-23T09:17:01+00:00 INFO Webhook event: cartflows_step_visited - Step 11 (Type: thankyou)
2026-07-23T09:17:01+00:00 INFO Webhook dispatch: No webhooks found for event cartflows_step_visited
