2026-07-29T06:45:15+00:00 INFO Webhook event: cartflows_step_visited - Step 10 (Type: checkout)
2026-07-29T06:45:15+00:00 INFO Webhook dispatch: No webhooks found for event cartflows_step_visited
2026-07-29T06:47:00+00:00 INFO Webhook event: cartflows_step_visited - Step 10 (Type: checkout)
2026-07-29T06:47:00+00:00 INFO Webhook dispatch: No webhooks found for event cartflows_step_visited
2026-07-29T06:47:08+00:00 INFO Webhook event: checkout_initiated - Step 10
2026-07-29T06:47:08+00:00 INFO Webhook dispatch: No webhooks found for event checkout_initiated
2026-07-29T06:52:32+00:00 INFO Webhook event: cartflows_step_visited - Step 10 (Type: checkout)
2026-07-29T06:52:32+00:00 INFO Webhook dispatch: No webhooks found for event cartflows_step_visited
2026-07-29T06:52:38+00:00 INFO Webhook event: checkout_initiated - Step 10
2026-07-29T06:52:38+00:00 INFO Webhook dispatch: No webhooks found for event checkout_initiated
2026-07-29T06:54:56+00:00 INFO Webhook event: checkout_initiated - Step 10
2026-07-29T06:54:56+00:00 INFO Webhook dispatch: No webhooks found for event checkout_initiated
2026-07-29T06:55:41+00:00 INFO Webhook event: checkout_initiated - Step 10
2026-07-29T06:55:41+00:00 INFO Webhook dispatch: No webhooks found for event checkout_initiated
2026-07-29T06:57:37+00:00 INFO Webhook event: cartflows_step_visited - Step 10 (Type: checkout)
2026-07-29T06:57:37+00:00 INFO Webhook dispatch: No webhooks found for event cartflows_step_visited
2026-07-29T06:57:44+00:00 INFO Webhook event: checkout_initiated - Step 10
2026-07-29T06:57:44+00:00 INFO Webhook dispatch: No webhooks found for event checkout_initiated
2026-07-29T07:00:46+00:00 INFO Webhook event: cartflows_step_visited - Step 10 (Type: checkout)
2026-07-29T07:00:46+00:00 INFO Webhook dispatch: No webhooks found for event cartflows_step_visited
2026-07-29T07:00:52+00:00 INFO Webhook event: checkout_initiated - Step 10
2026-07-29T07:00:52+00:00 INFO Webhook dispatch: No webhooks found for event checkout_initiated
2026-07-29T07:09:06+00:00 INFO Webhook event: cartflows_step_visited - Step 10 (Type: checkout)
2026-07-29T07:09:06+00:00 INFO Webhook dispatch: No webhooks found for event cartflows_step_visited
2026-07-29T07:09:16+00:00 INFO Webhook event: checkout_initiated - Step 10
2026-07-29T07:09:16+00:00 INFO Webhook dispatch: No webhooks found for event checkout_initiated
2026-07-29T07:09:36+00:00 INFO Webhook event: order_created - Order 8323 Flow 9
2026-07-29T07:09:36+00:00 INFO Webhook dispatch: No webhooks found for event order_created
2026-07-29T07:09:37+00:00 INFO Webhook event: order_completed - Order 8323 Flow 9 (status: pending -> processing)
2026-07-29T07:09:37+00:00 INFO Webhook dispatch: No webhooks found for event order_completed
2026-07-29T07:09:37+00:00 INFO Start-Cartflows_Frontend::redirect_to_thankyou_page
2026-07-29T07:09:37+00:00 INFO Only for thank you page
2026-07-29T07:09:37+00:00 INFO Checkout ID : 10
2026-07-29T07:09:37+00:00 INFO End-Cartflows_Frontend::redirect_to_thankyou_page
2026-07-29T07:09:38+00:00 INFO Webhook event: cartflows_step_visited - Step 11 (Type: thankyou)
2026-07-29T07:09:38+00:00 INFO Webhook dispatch: No webhooks found for event cartflows_step_visited
2026-07-29T07:10:35+00:00 INFO Webhook event: cartflows_step_visited - Step 10 (Type: checkout)
2026-07-29T07:10:35+00:00 INFO Webhook dispatch: No webhooks found for event cartflows_step_visited
2026-07-29T07:10:39+00:00 INFO Webhook event: checkout_initiated - Step 10
2026-07-29T07:10:39+00:00 INFO Webhook dispatch: No webhooks found for event checkout_initiated
2026-07-29T07:10:49+00:00 INFO Webhook event: order_created - Order 8324 Flow 9
2026-07-29T07:10:49+00:00 INFO Webhook dispatch: No webhooks found for event order_created
2026-07-29T07:10:49+00:00 INFO Webhook event: order_completed - Order 8324 Flow 9 (status: pending -> processing)
2026-07-29T07:10:49+00:00 INFO Webhook dispatch: No webhooks found for event order_completed
2026-07-29T07:10:49+00:00 INFO Start-Cartflows_Frontend::redirect_to_thankyou_page
2026-07-29T07:10:49+00:00 INFO Only for thank you page
2026-07-29T07:10:49+00:00 INFO Checkout ID : 10
2026-07-29T07:10:49+00:00 INFO End-Cartflows_Frontend::redirect_to_thankyou_page
2026-07-29T07:10:50+00:00 INFO Webhook event: cartflows_step_visited - Step 11 (Type: thankyou)
2026-07-29T07:10:50+00:00 INFO Webhook dispatch: No webhooks found for event cartflows_step_visited
2026-07-29T07:15:16+00:00 INFO Webhook event: cartflows_step_visited - Step 11 (Type: thankyou)
2026-07-29T07:15:16+00:00 INFO Webhook dispatch: No webhooks found for event cartflows_step_visited
2026-07-29T07:25:15+00:00 INFO Webhook event: cartflows_step_visited - Step 10 (Type: checkout)
2026-07-29T07:25:15+00:00 INFO Webhook dispatch: No webhooks found for event cartflows_step_visited
2026-07-29T07:25:54+00:00 INFO Start-Cartflows_Frontend::redirect_to_thankyou_page
2026-07-29T07:25:54+00:00 INFO Only for thank you page
2026-07-29T07:25:54+00:00 INFO End-Cartflows_Frontend::redirect_to_thankyou_page
2026-07-29T07:29:42+00:00 INFO Webhook event: cartflows_step_visited - Step 10 (Type: checkout)
2026-07-29T07:29:42+00:00 INFO Webhook dispatch: No webhooks found for event cartflows_step_visited
2026-07-29T07:29:48+00:00 INFO Webhook event: checkout_initiated - Step 10
2026-07-29T07:29:48+00:00 INFO Webhook dispatch: No webhooks found for event checkout_initiated
