2026-08-02T10:32:17+00:00 INFO Webhook event: cartflows_step_visited - Step 10 (Type: checkout)
2026-08-02T10:32:17+00:00 INFO Webhook dispatch: No webhooks found for event cartflows_step_visited
2026-08-02T10:32:21+00:00 INFO Webhook event: checkout_initiated - Step 10
2026-08-02T10:32:21+00:00 INFO Webhook dispatch: No webhooks found for event checkout_initiated
2026-08-02T10:32:51+00:00 INFO Webhook event: cartflows_step_visited - Step 10 (Type: checkout)
2026-08-02T10:32:51+00:00 INFO Webhook dispatch: No webhooks found for event cartflows_step_visited
2026-08-02T10:32:53+00:00 INFO Webhook event: checkout_initiated - Step 10
2026-08-02T10:32:53+00:00 INFO Webhook dispatch: No webhooks found for event checkout_initiated
2026-08-02T10:33:08+00:00 INFO Webhook event: checkout_initiated - Step 10
2026-08-02T10:33:08+00:00 INFO Webhook dispatch: No webhooks found for event checkout_initiated
2026-08-02T10:33:12+00:00 INFO Webhook event: checkout_initiated - Step 10
2026-08-02T10:33:12+00:00 INFO Webhook dispatch: No webhooks found for event checkout_initiated
2026-08-02T10:33:15+00:00 INFO Webhook event: checkout_initiated - Step 10
2026-08-02T10:33:15+00:00 INFO Webhook dispatch: No webhooks found for event checkout_initiated
2026-08-02T10:34:01+00:00 INFO Webhook event: checkout_initiated - Step 10
2026-08-02T10:34:01+00:00 INFO Webhook dispatch: No webhooks found for event checkout_initiated
2026-08-02T10:34:09+00:00 INFO Webhook event: checkout_initiated - Step 10
2026-08-02T10:34:09+00:00 INFO Webhook dispatch: No webhooks found for event checkout_initiated
2026-08-02T10:34:11+00:00 INFO Webhook event: checkout_initiated - Step 10
2026-08-02T10:34:11+00:00 INFO Webhook dispatch: No webhooks found for event checkout_initiated
2026-08-02T10:34:16+00:00 INFO Webhook event: checkout_initiated - Step 10
2026-08-02T10:34:16+00:00 INFO Webhook dispatch: No webhooks found for event checkout_initiated
2026-08-02T10:34:21+00:00 INFO Webhook event: order_created - Order 8608 Flow 9
2026-08-02T10:34:21+00:00 INFO Webhook dispatch: No webhooks found for event order_created
2026-08-02T10:34:22+00:00 INFO Webhook event: order_completed - Order 8608 Flow 9 (status: pending -> processing)
2026-08-02T10:34:22+00:00 INFO Webhook dispatch: No webhooks found for event order_completed
2026-08-02T10:34:22+00:00 INFO Start-Cartflows_Frontend::redirect_to_thankyou_page
2026-08-02T10:34:22+00:00 INFO Only for thank you page
2026-08-02T10:34:22+00:00 INFO Checkout ID : 10
2026-08-02T10:34:22+00:00 INFO End-Cartflows_Frontend::redirect_to_thankyou_page
2026-08-02T10:34:23+00:00 INFO Webhook event: cartflows_step_visited - Step 11 (Type: thankyou)
2026-08-02T10:34:23+00:00 INFO Webhook dispatch: No webhooks found for event cartflows_step_visited
2026-08-02T10:41:23+00:00 INFO Webhook event: cartflows_step_visited - Step 10 (Type: checkout)
2026-08-02T10:41:23+00:00 INFO Webhook dispatch: No webhooks found for event cartflows_step_visited
2026-08-02T10:41:26+00:00 INFO Webhook event: checkout_initiated - Step 10
2026-08-02T10:41:26+00:00 INFO Webhook dispatch: No webhooks found for event checkout_initiated
2026-08-02T10:41:32+00:00 INFO Webhook event: order_created - Order 8609 Flow 9
2026-08-02T10:41:32+00:00 INFO Webhook dispatch: No webhooks found for event order_created
2026-08-02T10:41:32+00:00 INFO Webhook event: order_completed - Order 8609 Flow 9 (status: pending -> processing)
2026-08-02T10:41:32+00:00 INFO Webhook dispatch: No webhooks found for event order_completed
2026-08-02T10:41:32+00:00 INFO Start-Cartflows_Frontend::redirect_to_thankyou_page
2026-08-02T10:41:32+00:00 INFO Only for thank you page
2026-08-02T10:41:32+00:00 INFO Checkout ID : 10
2026-08-02T10:41:32+00:00 INFO End-Cartflows_Frontend::redirect_to_thankyou_page
2026-08-02T10:41:33+00:00 INFO Webhook event: cartflows_step_visited - Step 11 (Type: thankyou)
2026-08-02T10:41:33+00:00 INFO Webhook dispatch: No webhooks found for event cartflows_step_visited
2026-08-02T10:45:20+00:00 INFO Webhook event: cartflows_step_visited - Step 11 (Type: thankyou)
2026-08-02T10:45:20+00:00 INFO Webhook dispatch: No webhooks found for event cartflows_step_visited
