2026-07-29T06:06:24+00:00 DEBUG #5989 - [New Request] GET /wp-admin/admin.php
2026-07-29T06:06:24+00:00 DEBUG #5989 - GET https://api.woocommerce.com/integrations/ppc/v1/customer/partners/K8SKZ36LQBWXJ/merchant-integrations/
Response: Array
(
    [code] => 404
    [message] => Not Found
)

Response Body: {"statusCode":404,"error":"Not Found","message":"Not Found"}

2026-07-29T06:06:24+00:00 WARNING #5989 - [Error] Not Found CONTEXT: {"args":{"method":"GET","headers":{"Authorization":"Bearer token","Content-Type":"application/json"}},"response":{"headers":{},"body":"{"statusCode":404,"error":"Not Found","message":"Not Found"}","response":{"code":404,"message":"Not Found"},"cookies":[],"filename":null,"http_response":{"data":null,"headers":null,"status":null}}}
2026-07-29T06:38:07+00:00 DEBUG #5132 - [New Request] GET /wp-admin/admin.php
2026-07-29T06:38:07+00:00 DEBUG #5132 - GET https://api.woocommerce.com/integrations/ppc/v1/customer/partners/K8SKZ36LQBWXJ/merchant-integrations/
Response: Array
(
    [code] => 404
    [message] => Not Found
)

Response Body: {"statusCode":404,"error":"Not Found","message":"Not Found"}

2026-07-29T06:38:07+00:00 WARNING #5132 - [Error] Not Found CONTEXT: {"args":{"method":"GET","headers":{"Authorization":"Bearer token","Content-Type":"application/json"}},"response":{"headers":{},"body":"{"statusCode":404,"error":"Not Found","message":"Not Found"}","response":{"code":404,"message":"Not Found"},"cookies":[],"filename":null,"http_response":{"data":null,"headers":null,"status":null}}}
2026-07-29T06:50:33+00:00 DEBUG #8908 - [New Request] GET /wp-admin/admin.php
2026-07-29T06:50:33+00:00 DEBUG #8908 - GET https://api.woocommerce.com/integrations/ppc/v1/customer/partners/K8SKZ36LQBWXJ/merchant-integrations/
Response: Array
(
    [code] => 404
    [message] => Not Found
)

Response Body: {"statusCode":404,"error":"Not Found","message":"Not Found"}

2026-07-29T06:50:33+00:00 WARNING #8908 - [Error] Not Found CONTEXT: {"args":{"method":"GET","headers":{"Authorization":"Bearer token","Content-Type":"application/json"}},"response":{"headers":{},"body":"{"statusCode":404,"error":"Not Found","message":"Not Found"}","response":{"code":404,"message":"Not Found"},"cookies":[],"filename":null,"http_response":{"data":null,"headers":null,"status":null}}}
