2026-07-31T19:29:42+00:00 INFO Payment event recorded. {"event_id":180,"event_uuid":"be3309de-e99f-45fa-a311-3f1db3b6abb4","order_id":8337,"event_type":"payment_completed","source":"gateway","gateway":"cod"}
2026-07-31T19:29:42+00:00 INFO Integration run finished. {"event_id":180,"event_uuid":"be3309de-e99f-45fa-a311-3f1db3b6abb4","order_id":8337,"event_type":"payment_completed","integration_status":"completed","source":"gateway"}
2026-07-31T19:29:42+00:00 INFO Integration run finished. {"event_id":180,"event_uuid":"be3309de-e99f-45fa-a311-3f1db3b6abb4","order_id":8337,"event_type":"payment_completed","integration_status":"completed","source":"gateway"}
2026-07-31T19:29:42+00:00 INFO Payment event recorded. {"event_id":182,"event_uuid":"4fca5d30-ff90-46ea-a311-f6d707f0eb71","order_id":8339,"event_type":"payment_completed","source":"gateway","gateway":"cod"}
2026-07-31T19:29:42+00:00 INFO Integration run finished. {"event_id":182,"event_uuid":"4fca5d30-ff90-46ea-a311-f6d707f0eb71","order_id":8339,"event_type":"payment_completed","integration_status":"skipped","source":"gateway"}
2026-07-31T19:29:43+00:00 INFO Payment event recorded. {"event_id":183,"event_uuid":"3b17deeb-7435-4c00-bbaa-93898a78449e","order_id":8341,"event_type":"payment_completed","source":"gateway","gateway":"cod"}
2026-07-31T19:29:43+00:00 ERROR Integration run failed. {"event_id":183,"event_uuid":"3b17deeb-7435-4c00-bbaa-93898a78449e","order_id":8341,"event_type":"payment_completed","code":"0"}
2026-07-31T19:29:44+00:00 INFO Payment event recorded. {"event_id":184,"event_uuid":"8fcdbef8-170b-4410-be80-b372fd9d842f","order_id":8343,"event_type":"payment_partially_refunded","source":"gateway","gateway":"cod"}
2026-07-31T19:29:44+00:00 INFO Integration run finished. {"event_id":184,"event_uuid":"8fcdbef8-170b-4410-be80-b372fd9d842f","order_id":8343,"event_type":"payment_partially_refunded","integration_status":"review","source":"gateway"}
2026-07-31T19:29:44+00:00 INFO Additional partial refund recorded against the existing event. {"event_id":184,"order_id":8343,"event_type":"payment_partially_refunded"}
2026-07-31T19:29:44+00:00 INFO Additional partial refund recorded against the existing event. {"event_id":184,"order_id":8343,"event_type":"payment_partially_refunded"}
2026-07-31T19:29:44+00:00 INFO Additional partial refund recorded against the existing event. {"event_id":184,"order_id":8343,"event_type":"payment_partially_refunded"}
2026-07-31T19:29:44+00:00 INFO Payment event recorded. {"event_id":188,"event_uuid":"dd0b2447-3a06-4753-bebc-e8d8d8610c24","order_id":8343,"event_type":"payment_refunded","source":"gateway","gateway":"cod"}
2026-07-31T19:29:44+00:00 INFO Integration run finished. {"event_id":188,"event_uuid":"dd0b2447-3a06-4753-bebc-e8d8d8610c24","order_id":8343,"event_type":"payment_refunded","integration_status":"skipped","source":"gateway"}
2026-07-31T20:13:01+00:00 INFO Payment event recorded. {"event_id":194,"event_uuid":"b3f1cee3-6133-4cf9-ae32-a4a46a577e66","order_id":8354,"event_type":"payment_completed","source":"gateway","gateway":"cod"}
2026-07-31T20:13:01+00:00 INFO Integration run finished. {"event_id":194,"event_uuid":"b3f1cee3-6133-4cf9-ae32-a4a46a577e66","order_id":8354,"event_type":"payment_completed","integration_status":"completed","source":"gateway"}
2026-07-31T20:13:01+00:00 INFO Integration run finished. {"event_id":194,"event_uuid":"b3f1cee3-6133-4cf9-ae32-a4a46a577e66","order_id":8354,"event_type":"payment_completed","integration_status":"completed","source":"gateway"}
2026-07-31T20:13:02+00:00 INFO Payment event recorded. {"event_id":196,"event_uuid":"f35e6886-1c6f-4828-bfee-f04e8d8f513c","order_id":8356,"event_type":"payment_completed","source":"gateway","gateway":"cod"}
2026-07-31T20:13:02+00:00 INFO Integration run finished. {"event_id":196,"event_uuid":"f35e6886-1c6f-4828-bfee-f04e8d8f513c","order_id":8356,"event_type":"payment_completed","integration_status":"skipped","source":"gateway"}
2026-07-31T20:13:03+00:00 INFO Payment event recorded. {"event_id":197,"event_uuid":"4f820e39-32d3-4612-8609-b6d820018c0e","order_id":8358,"event_type":"payment_completed","source":"gateway","gateway":"cod"}
2026-07-31T20:13:03+00:00 ERROR Integration run failed. {"event_id":197,"event_uuid":"4f820e39-32d3-4612-8609-b6d820018c0e","order_id":8358,"event_type":"payment_completed","code":"0"}
2026-07-31T20:13:04+00:00 INFO Payment event recorded. {"event_id":198,"event_uuid":"bdfe6cf7-03fb-48ee-8985-220b023f3a13","order_id":8360,"event_type":"payment_partially_refunded","source":"gateway","gateway":"cod"}
2026-07-31T20:13:04+00:00 INFO Integration run finished. {"event_id":198,"event_uuid":"bdfe6cf7-03fb-48ee-8985-220b023f3a13","order_id":8360,"event_type":"payment_partially_refunded","integration_status":"review","source":"gateway"}
2026-07-31T20:13:04+00:00 INFO Additional partial refund recorded against the existing event. {"event_id":198,"order_id":8360,"event_type":"payment_partially_refunded"}
2026-07-31T20:13:04+00:00 INFO Additional partial refund recorded against the existing event. {"event_id":198,"order_id":8360,"event_type":"payment_partially_refunded"}
2026-07-31T20:13:04+00:00 INFO Additional partial refund recorded against the existing event. {"event_id":198,"order_id":8360,"event_type":"payment_partially_refunded"}
2026-07-31T20:13:04+00:00 INFO Payment event recorded. {"event_id":202,"event_uuid":"2c91079f-839e-48a7-b0ec-539b05fa9faa","order_id":8360,"event_type":"payment_refunded","source":"gateway","gateway":"cod"}
2026-07-31T20:13:04+00:00 INFO Integration run finished. {"event_id":202,"event_uuid":"2c91079f-839e-48a7-b0ec-539b05fa9faa","order_id":8360,"event_type":"payment_refunded","integration_status":"skipped","source":"gateway"}
2026-07-31T20:14:19+00:00 INFO Payment event recorded. {"event_id":208,"event_uuid":"1bc299a4-a094-4cf9-855a-df1346af460d","order_id":8371,"event_type":"payment_completed","source":"gateway","gateway":"cod"}
2026-07-31T20:14:19+00:00 INFO Integration run finished. {"event_id":208,"event_uuid":"1bc299a4-a094-4cf9-855a-df1346af460d","order_id":8371,"event_type":"payment_completed","integration_status":"completed","source":"gateway"}
2026-07-31T20:14:19+00:00 INFO Integration run finished. {"event_id":208,"event_uuid":"1bc299a4-a094-4cf9-855a-df1346af460d","order_id":8371,"event_type":"payment_completed","integration_status":"completed","source":"gateway"}
2026-07-31T20:14:20+00:00 INFO Payment event recorded. {"event_id":210,"event_uuid":"97aeb946-3633-4f2e-ba6d-a9ebb800ac60","order_id":8373,"event_type":"payment_completed","source":"gateway","gateway":"cod"}
2026-07-31T20:14:20+00:00 INFO Integration run finished. {"event_id":210,"event_uuid":"97aeb946-3633-4f2e-ba6d-a9ebb800ac60","order_id":8373,"event_type":"payment_completed","integration_status":"skipped","source":"gateway"}
2026-07-31T20:14:22+00:00 INFO Payment event recorded. {"event_id":211,"event_uuid":"7c319eca-0c05-4ec6-9e87-d1916f6d6609","order_id":8375,"event_type":"payment_completed","source":"gateway","gateway":"cod"}
2026-07-31T20:14:22+00:00 ERROR Integration run failed. {"event_id":211,"event_uuid":"7c319eca-0c05-4ec6-9e87-d1916f6d6609","order_id":8375,"event_type":"payment_completed","code":"0"}
2026-07-31T20:14:23+00:00 INFO Payment event recorded. {"event_id":212,"event_uuid":"88cbbc71-1971-4b35-9acb-cf1bb3332454","order_id":8377,"event_type":"payment_partially_refunded","source":"gateway","gateway":"cod"}
2026-07-31T20:14:23+00:00 INFO Integration run finished. {"event_id":212,"event_uuid":"88cbbc71-1971-4b35-9acb-cf1bb3332454","order_id":8377,"event_type":"payment_partially_refunded","integration_status":"review","source":"gateway"}
2026-07-31T20:14:23+00:00 INFO Additional partial refund recorded against the existing event. {"event_id":212,"order_id":8377,"event_type":"payment_partially_refunded"}
2026-07-31T20:14:23+00:00 INFO Additional partial refund recorded against the existing event. {"event_id":212,"order_id":8377,"event_type":"payment_partially_refunded"}
2026-07-31T20:14:23+00:00 INFO Additional partial refund recorded against the existing event. {"event_id":212,"order_id":8377,"event_type":"payment_partially_refunded"}
2026-07-31T20:14:23+00:00 INFO Payment event recorded. {"event_id":216,"event_uuid":"9bb7504f-59f2-4322-a55c-57a36bb2144e","order_id":8377,"event_type":"payment_refunded","source":"gateway","gateway":"cod"}
2026-07-31T20:14:23+00:00 INFO Integration run finished. {"event_id":216,"event_uuid":"9bb7504f-59f2-4322-a55c-57a36bb2144e","order_id":8377,"event_type":"payment_refunded","integration_status":"skipped","source":"gateway"}
2026-07-31T20:38:13+00:00 INFO Payment event recorded. {"event_id":222,"event_uuid":"c4d8d492-aab4-4fc7-a400-ec50089b23d3","order_id":8389,"event_type":"payment_completed","source":"gateway","gateway":"cod"}
2026-07-31T20:38:13+00:00 INFO Integration run finished. {"event_id":222,"event_uuid":"c4d8d492-aab4-4fc7-a400-ec50089b23d3","order_id":8389,"event_type":"payment_completed","integration_status":"completed","source":"gateway"}
2026-07-31T20:38:13+00:00 INFO Integration run finished. {"event_id":222,"event_uuid":"c4d8d492-aab4-4fc7-a400-ec50089b23d3","order_id":8389,"event_type":"payment_completed","integration_status":"completed","source":"gateway"}
2026-07-31T20:38:14+00:00 INFO Payment event recorded. {"event_id":224,"event_uuid":"d3cff662-b294-4bb4-9a49-1d283072a449","order_id":8391,"event_type":"payment_completed","source":"gateway","gateway":"cod"}
2026-07-31T20:38:14+00:00 INFO Integration run finished. {"event_id":224,"event_uuid":"d3cff662-b294-4bb4-9a49-1d283072a449","order_id":8391,"event_type":"payment_completed","integration_status":"skipped","source":"gateway"}
2026-07-31T20:38:16+00:00 INFO Payment event recorded. {"event_id":225,"event_uuid":"e61d5130-d72d-40b7-bef2-434ba8d14a1b","order_id":8393,"event_type":"payment_completed","source":"gateway","gateway":"cod"}
2026-07-31T20:38:16+00:00 ERROR Integration run failed. {"event_id":225,"event_uuid":"e61d5130-d72d-40b7-bef2-434ba8d14a1b","order_id":8393,"event_type":"payment_completed","code":"0"}
2026-07-31T20:38:16+00:00 INFO Payment event recorded. {"event_id":226,"event_uuid":"38a5d139-e3a1-4827-91b7-aaf2d46e0664","order_id":8395,"event_type":"payment_partially_refunded","source":"gateway","gateway":"cod"}
2026-07-31T20:38:17+00:00 INFO Integration run finished. {"event_id":226,"event_uuid":"38a5d139-e3a1-4827-91b7-aaf2d46e0664","order_id":8395,"event_type":"payment_partially_refunded","integration_status":"review","source":"gateway"}
2026-07-31T20:38:17+00:00 INFO Additional partial refund recorded against the existing event. {"event_id":226,"order_id":8395,"event_type":"payment_partially_refunded"}
2026-07-31T20:38:17+00:00 INFO Additional partial refund recorded against the existing event. {"event_id":226,"order_id":8395,"event_type":"payment_partially_refunded"}
2026-07-31T20:38:17+00:00 INFO Additional partial refund recorded against the existing event. {"event_id":226,"order_id":8395,"event_type":"payment_partially_refunded"}
2026-07-31T20:38:17+00:00 INFO Payment event recorded. {"event_id":230,"event_uuid":"c7428826-0ab5-4977-be18-83b7f98b71fb","order_id":8395,"event_type":"payment_refunded","source":"gateway","gateway":"cod"}
2026-07-31T20:38:17+00:00 INFO Integration run finished. {"event_id":230,"event_uuid":"c7428826-0ab5-4977-be18-83b7f98b71fb","order_id":8395,"event_type":"payment_refunded","integration_status":"skipped","source":"gateway"}
2026-07-31T21:01:31+00:00 INFO Payment event recorded. {"event_id":236,"event_uuid":"f52fef1b-e2be-4c1e-95c4-f5e1afb7ea5f","order_id":8406,"event_type":"payment_completed","source":"gateway","gateway":"cod"}
2026-07-31T21:01:31+00:00 INFO Integration run finished. {"event_id":236,"event_uuid":"f52fef1b-e2be-4c1e-95c4-f5e1afb7ea5f","order_id":8406,"event_type":"payment_completed","integration_status":"completed","source":"gateway"}
2026-07-31T21:01:31+00:00 INFO Integration run finished. {"event_id":236,"event_uuid":"f52fef1b-e2be-4c1e-95c4-f5e1afb7ea5f","order_id":8406,"event_type":"payment_completed","integration_status":"completed","source":"gateway"}
2026-07-31T21:01:32+00:00 INFO Payment event recorded. {"event_id":238,"event_uuid":"9303bcc0-986a-4b33-a465-a6ae786bfcac","order_id":8408,"event_type":"payment_completed","source":"gateway","gateway":"cod"}
2026-07-31T21:01:32+00:00 INFO Integration run finished. {"event_id":238,"event_uuid":"9303bcc0-986a-4b33-a465-a6ae786bfcac","order_id":8408,"event_type":"payment_completed","integration_status":"skipped","source":"gateway"}
2026-07-31T21:01:32+00:00 INFO Payment event recorded. {"event_id":239,"event_uuid":"8320adfb-8603-4ed7-b8b2-47e181975112","order_id":8410,"event_type":"payment_completed","source":"gateway","gateway":"cod"}
2026-07-31T21:01:32+00:00 ERROR Integration run failed. {"event_id":239,"event_uuid":"8320adfb-8603-4ed7-b8b2-47e181975112","order_id":8410,"event_type":"payment_completed","code":"0"}
2026-07-31T21:01:33+00:00 INFO Payment event recorded. {"event_id":240,"event_uuid":"189d3fc7-0ea0-4e81-b93a-ac91fb0ba65b","order_id":8412,"event_type":"payment_partially_refunded","source":"gateway","gateway":"cod"}
2026-07-31T21:01:33+00:00 INFO Integration run finished. {"event_id":240,"event_uuid":"189d3fc7-0ea0-4e81-b93a-ac91fb0ba65b","order_id":8412,"event_type":"payment_partially_refunded","integration_status":"review","source":"gateway"}
2026-07-31T21:01:33+00:00 INFO Additional partial refund recorded against the existing event. {"event_id":240,"order_id":8412,"event_type":"payment_partially_refunded"}
2026-07-31T21:01:33+00:00 INFO Additional partial refund recorded against the existing event. {"event_id":240,"order_id":8412,"event_type":"payment_partially_refunded"}
2026-07-31T21:01:33+00:00 INFO Additional partial refund recorded against the existing event. {"event_id":240,"order_id":8412,"event_type":"payment_partially_refunded"}
2026-07-31T21:01:33+00:00 INFO Payment event recorded. {"event_id":244,"event_uuid":"e7a6b350-1e51-4238-a331-a2666a7dc53d","order_id":8412,"event_type":"payment_refunded","source":"gateway","gateway":"cod"}
2026-07-31T21:01:33+00:00 INFO Integration run finished. {"event_id":244,"event_uuid":"e7a6b350-1e51-4238-a331-a2666a7dc53d","order_id":8412,"event_type":"payment_refunded","integration_status":"skipped","source":"gateway"}
2026-07-31T21:17:17+00:00 INFO Payment event recorded. {"event_id":250,"event_uuid":"6712b225-07b0-4607-9b08-e31c0f48e730","order_id":8423,"event_type":"payment_completed","source":"gateway","gateway":"cod"}
2026-07-31T21:17:17+00:00 INFO Integration run finished. {"event_id":250,"event_uuid":"6712b225-07b0-4607-9b08-e31c0f48e730","order_id":8423,"event_type":"payment_completed","integration_status":"completed","source":"gateway"}
2026-07-31T21:17:17+00:00 INFO Integration run finished. {"event_id":250,"event_uuid":"6712b225-07b0-4607-9b08-e31c0f48e730","order_id":8423,"event_type":"payment_completed","integration_status":"completed","source":"gateway"}
2026-07-31T21:17:18+00:00 INFO Payment event recorded. {"event_id":252,"event_uuid":"0c8ce996-4d04-4790-8e3b-43569bfcc397","order_id":8425,"event_type":"payment_completed","source":"gateway","gateway":"cod"}
2026-07-31T21:17:18+00:00 INFO Integration run finished. {"event_id":252,"event_uuid":"0c8ce996-4d04-4790-8e3b-43569bfcc397","order_id":8425,"event_type":"payment_completed","integration_status":"skipped","source":"gateway"}
2026-07-31T21:17:19+00:00 INFO Payment event recorded. {"event_id":253,"event_uuid":"f7838eaf-48a4-4381-93aa-c8a995136c86","order_id":8427,"event_type":"payment_completed","source":"gateway","gateway":"cod"}
2026-07-31T21:17:19+00:00 ERROR Integration run failed. {"event_id":253,"event_uuid":"f7838eaf-48a4-4381-93aa-c8a995136c86","order_id":8427,"event_type":"payment_completed","code":"0"}
2026-07-31T21:17:19+00:00 INFO Payment event recorded. {"event_id":254,"event_uuid":"1c76873e-516e-475f-9e81-6b096184bc84","order_id":8429,"event_type":"payment_partially_refunded","source":"gateway","gateway":"cod"}
2026-07-31T21:17:20+00:00 INFO Integration run finished. {"event_id":254,"event_uuid":"1c76873e-516e-475f-9e81-6b096184bc84","order_id":8429,"event_type":"payment_partially_refunded","integration_status":"review","source":"gateway"}
2026-07-31T21:17:20+00:00 INFO Additional partial refund recorded against the existing event. {"event_id":254,"order_id":8429,"event_type":"payment_partially_refunded"}
2026-07-31T21:17:20+00:00 INFO Additional partial refund recorded against the existing event. {"event_id":254,"order_id":8429,"event_type":"payment_partially_refunded"}
2026-07-31T21:17:20+00:00 INFO Additional partial refund recorded against the existing event. {"event_id":254,"order_id":8429,"event_type":"payment_partially_refunded"}
2026-07-31T21:17:20+00:00 INFO Payment event recorded. {"event_id":258,"event_uuid":"74f37da3-de73-4822-8669-803e09e55e0a","order_id":8429,"event_type":"payment_refunded","source":"gateway","gateway":"cod"}
2026-07-31T21:17:20+00:00 INFO Integration run finished. {"event_id":258,"event_uuid":"74f37da3-de73-4822-8669-803e09e55e0a","order_id":8429,"event_type":"payment_refunded","integration_status":"skipped","source":"gateway"}
2026-07-31T22:04:47+00:00 INFO Payment event recorded. {"event_id":264,"event_uuid":"8a200df9-8de0-4610-acb2-fc6a5bf73bea","order_id":8440,"event_type":"payment_completed","source":"gateway","gateway":"cod"}
2026-07-31T22:04:47+00:00 INFO Integration run finished. {"event_id":264,"event_uuid":"8a200df9-8de0-4610-acb2-fc6a5bf73bea","order_id":8440,"event_type":"payment_completed","integration_status":"completed","source":"gateway"}
2026-07-31T22:04:48+00:00 INFO Integration run finished. {"event_id":264,"event_uuid":"8a200df9-8de0-4610-acb2-fc6a5bf73bea","order_id":8440,"event_type":"payment_completed","integration_status":"completed","source":"gateway"}
2026-07-31T22:04:48+00:00 INFO Payment event recorded. {"event_id":266,"event_uuid":"6b76a09c-d5b8-4f73-a63b-7758000c1ac7","order_id":8442,"event_type":"payment_completed","source":"gateway","gateway":"cod"}
2026-07-31T22:04:48+00:00 INFO Integration run finished. {"event_id":266,"event_uuid":"6b76a09c-d5b8-4f73-a63b-7758000c1ac7","order_id":8442,"event_type":"payment_completed","integration_status":"skipped","source":"gateway"}
2026-07-31T22:04:49+00:00 INFO Payment event recorded. {"event_id":267,"event_uuid":"3545a37b-ac5d-4e0d-91da-82e9813f9a86","order_id":8444,"event_type":"payment_completed","source":"gateway","gateway":"cod"}
2026-07-31T22:04:49+00:00 ERROR Integration run failed. {"event_id":267,"event_uuid":"3545a37b-ac5d-4e0d-91da-82e9813f9a86","order_id":8444,"event_type":"payment_completed","code":"0"}
2026-07-31T22:04:49+00:00 INFO Payment event recorded. {"event_id":268,"event_uuid":"15635e5f-8182-40c3-bf08-213cc25630fd","order_id":8446,"event_type":"payment_partially_refunded","source":"gateway","gateway":"cod"}
2026-07-31T22:04:50+00:00 INFO Integration run finished. {"event_id":268,"event_uuid":"15635e5f-8182-40c3-bf08-213cc25630fd","order_id":8446,"event_type":"payment_partially_refunded","integration_status":"review","source":"gateway"}
2026-07-31T22:04:50+00:00 INFO Additional partial refund recorded against the existing event. {"event_id":268,"order_id":8446,"event_type":"payment_partially_refunded"}
2026-07-31T22:04:50+00:00 INFO Additional partial refund recorded against the existing event. {"event_id":268,"order_id":8446,"event_type":"payment_partially_refunded"}
2026-07-31T22:04:50+00:00 INFO Additional partial refund recorded against the existing event. {"event_id":268,"order_id":8446,"event_type":"payment_partially_refunded"}
2026-07-31T22:04:50+00:00 INFO Payment event recorded. {"event_id":272,"event_uuid":"de14b03b-ac0d-4656-8f49-6d2d9d0f3086","order_id":8446,"event_type":"payment_refunded","source":"gateway","gateway":"cod"}
2026-07-31T22:04:50+00:00 INFO Integration run finished. {"event_id":272,"event_uuid":"de14b03b-ac0d-4656-8f49-6d2d9d0f3086","order_id":8446,"event_type":"payment_refunded","integration_status":"skipped","source":"gateway"}
