2026-07-29T05:31:21+00:00 INFO Payment event recorded. {"event_id":4,"event_uuid":"51ff95b2-4cb7-40ac-a623-74d84b59d2a7","order_id":8148,"event_type":"payment_completed","source":"gateway","gateway":"cod"}
2026-07-29T05:31:21+00:00 INFO Integration run finished. {"event_id":4,"event_uuid":"51ff95b2-4cb7-40ac-a623-74d84b59d2a7","order_id":8148,"event_type":"payment_completed","integration_status":"completed","source":"gateway"}
2026-07-29T05:31:21+00:00 INFO Integration run finished. {"event_id":4,"event_uuid":"51ff95b2-4cb7-40ac-a623-74d84b59d2a7","order_id":8148,"event_type":"payment_completed","integration_status":"completed","source":"gateway"}
2026-07-29T05:31:22+00:00 INFO Payment event recorded. {"event_id":6,"event_uuid":"255ecca9-5420-4415-9cc2-d8e437169a19","order_id":8150,"event_type":"payment_completed","source":"gateway","gateway":"cod"}
2026-07-29T05:31:22+00:00 INFO Integration run finished. {"event_id":6,"event_uuid":"255ecca9-5420-4415-9cc2-d8e437169a19","order_id":8150,"event_type":"payment_completed","integration_status":"skipped","source":"gateway"}
2026-07-29T05:31:22+00:00 INFO Payment event recorded. {"event_id":7,"event_uuid":"eb97b085-1b73-4d51-ab10-ff9150598b88","order_id":8152,"event_type":"payment_completed","source":"gateway","gateway":"cod"}
2026-07-29T05:31:22+00:00 ERROR Integration run failed. {"event_id":7,"event_uuid":"eb97b085-1b73-4d51-ab10-ff9150598b88","order_id":8152,"event_type":"payment_completed","code":"0"}
2026-07-29T05:31:23+00:00 INFO Payment event recorded. {"event_id":8,"event_uuid":"028430ca-5297-4502-99e3-d97629a550dd","order_id":8154,"event_type":"payment_partially_refunded","source":"gateway","gateway":"cod"}
2026-07-29T05:31:23+00:00 INFO Integration run finished. {"event_id":8,"event_uuid":"028430ca-5297-4502-99e3-d97629a550dd","order_id":8154,"event_type":"payment_partially_refunded","integration_status":"review","source":"gateway"}
2026-07-29T05:31:23+00:00 INFO Additional partial refund recorded against the existing event. {"event_id":8,"order_id":8154,"event_type":"payment_partially_refunded"}
2026-07-29T05:31:23+00:00 INFO Additional partial refund recorded against the existing event. {"event_id":8,"order_id":8154,"event_type":"payment_partially_refunded"}
2026-07-29T05:31:23+00:00 INFO Additional partial refund recorded against the existing event. {"event_id":8,"order_id":8154,"event_type":"payment_partially_refunded"}
2026-07-29T05:31:23+00:00 INFO Payment event recorded. {"event_id":12,"event_uuid":"af8f4075-a553-4513-8743-36da4e8ec050","order_id":8154,"event_type":"payment_refunded","source":"gateway","gateway":"cod"}
2026-07-29T05:31:23+00:00 INFO Integration run finished. {"event_id":12,"event_uuid":"af8f4075-a553-4513-8743-36da4e8ec050","order_id":8154,"event_type":"payment_refunded","integration_status":"skipped","source":"gateway"}
2026-07-29T05:32:52+00:00 INFO Payment event recorded. {"event_id":18,"event_uuid":"293c9c01-d593-4fad-a257-c3c66b940092","order_id":8165,"event_type":"payment_completed","source":"gateway","gateway":"cod"}
2026-07-29T05:32:52+00:00 INFO Integration run finished. {"event_id":18,"event_uuid":"293c9c01-d593-4fad-a257-c3c66b940092","order_id":8165,"event_type":"payment_completed","integration_status":"completed","source":"gateway"}
2026-07-29T05:32:53+00:00 INFO Integration run finished. {"event_id":18,"event_uuid":"293c9c01-d593-4fad-a257-c3c66b940092","order_id":8165,"event_type":"payment_completed","integration_status":"completed","source":"gateway"}
2026-07-29T05:32:53+00:00 INFO Payment event recorded. {"event_id":20,"event_uuid":"78d16aa4-6b63-4e20-be58-998a1485d221","order_id":8167,"event_type":"payment_completed","source":"gateway","gateway":"cod"}
2026-07-29T05:32:53+00:00 INFO Integration run finished. {"event_id":20,"event_uuid":"78d16aa4-6b63-4e20-be58-998a1485d221","order_id":8167,"event_type":"payment_completed","integration_status":"skipped","source":"gateway"}
2026-07-29T05:32:54+00:00 INFO Payment event recorded. {"event_id":21,"event_uuid":"1077fa96-3faa-4d4b-92b4-2848732af282","order_id":8169,"event_type":"payment_completed","source":"gateway","gateway":"cod"}
2026-07-29T05:32:54+00:00 ERROR Integration run failed. {"event_id":21,"event_uuid":"1077fa96-3faa-4d4b-92b4-2848732af282","order_id":8169,"event_type":"payment_completed","code":"0"}
2026-07-29T05:32:55+00:00 INFO Payment event recorded. {"event_id":22,"event_uuid":"6e670894-66c8-4fee-87ea-3a14b43f90b8","order_id":8171,"event_type":"payment_partially_refunded","source":"gateway","gateway":"cod"}
2026-07-29T05:32:55+00:00 INFO Integration run finished. {"event_id":22,"event_uuid":"6e670894-66c8-4fee-87ea-3a14b43f90b8","order_id":8171,"event_type":"payment_partially_refunded","integration_status":"review","source":"gateway"}
2026-07-29T05:32:55+00:00 INFO Additional partial refund recorded against the existing event. {"event_id":22,"order_id":8171,"event_type":"payment_partially_refunded"}
2026-07-29T05:32:56+00:00 INFO Additional partial refund recorded against the existing event. {"event_id":22,"order_id":8171,"event_type":"payment_partially_refunded"}
2026-07-29T05:32:56+00:00 INFO Additional partial refund recorded against the existing event. {"event_id":22,"order_id":8171,"event_type":"payment_partially_refunded"}
2026-07-29T05:32:56+00:00 INFO Payment event recorded. {"event_id":26,"event_uuid":"9e866471-2333-4c20-8117-82a9fbe3de6d","order_id":8171,"event_type":"payment_refunded","source":"gateway","gateway":"cod"}
2026-07-29T05:32:56+00:00 INFO Integration run finished. {"event_id":26,"event_uuid":"9e866471-2333-4c20-8117-82a9fbe3de6d","order_id":8171,"event_type":"payment_refunded","integration_status":"skipped","source":"gateway"}
2026-07-29T05:33:34+00:00 INFO Payment event recorded. {"event_id":32,"event_uuid":"34bee6b5-7abf-4949-a86f-b7f1eee85423","order_id":8182,"event_type":"payment_completed","source":"gateway","gateway":"cod"}
2026-07-29T05:33:34+00:00 INFO Integration run finished. {"event_id":32,"event_uuid":"34bee6b5-7abf-4949-a86f-b7f1eee85423","order_id":8182,"event_type":"payment_completed","integration_status":"completed","source":"gateway"}
2026-07-29T05:33:34+00:00 INFO Integration run finished. {"event_id":32,"event_uuid":"34bee6b5-7abf-4949-a86f-b7f1eee85423","order_id":8182,"event_type":"payment_completed","integration_status":"completed","source":"gateway"}
2026-07-29T05:33:46+00:00 INFO Payment event recorded. {"event_id":34,"event_uuid":"a53bbdfd-9311-470a-830b-c291a5667c18","order_id":8184,"event_type":"payment_completed","source":"gateway","gateway":"cod"}
2026-07-29T05:33:46+00:00 INFO Integration run finished. {"event_id":34,"event_uuid":"a53bbdfd-9311-470a-830b-c291a5667c18","order_id":8184,"event_type":"payment_completed","integration_status":"skipped","source":"gateway"}
2026-07-29T05:33:47+00:00 INFO Payment event recorded. {"event_id":35,"event_uuid":"297cc395-f6d6-4169-82b7-c3812a2f96eb","order_id":8186,"event_type":"payment_completed","source":"gateway","gateway":"cod"}
2026-07-29T05:33:47+00:00 ERROR Integration run failed. {"event_id":35,"event_uuid":"297cc395-f6d6-4169-82b7-c3812a2f96eb","order_id":8186,"event_type":"payment_completed","code":"0"}
2026-07-29T05:33:47+00:00 INFO Payment event recorded. {"event_id":36,"event_uuid":"b78d822c-9568-4678-af5f-0fc4cbc08a2b","order_id":8188,"event_type":"payment_partially_refunded","source":"gateway","gateway":"cod"}
2026-07-29T05:33:47+00:00 INFO Integration run finished. {"event_id":36,"event_uuid":"b78d822c-9568-4678-af5f-0fc4cbc08a2b","order_id":8188,"event_type":"payment_partially_refunded","integration_status":"review","source":"gateway"}
2026-07-29T05:33:47+00:00 INFO Additional partial refund recorded against the existing event. {"event_id":36,"order_id":8188,"event_type":"payment_partially_refunded"}
2026-07-29T05:33:48+00:00 INFO Additional partial refund recorded against the existing event. {"event_id":36,"order_id":8188,"event_type":"payment_partially_refunded"}
2026-07-29T05:33:48+00:00 INFO Additional partial refund recorded against the existing event. {"event_id":36,"order_id":8188,"event_type":"payment_partially_refunded"}
2026-07-29T05:33:48+00:00 INFO Payment event recorded. {"event_id":40,"event_uuid":"169bd9fc-d1a9-46dd-a627-29b56e35fa7a","order_id":8188,"event_type":"payment_refunded","source":"gateway","gateway":"cod"}
2026-07-29T05:33:48+00:00 INFO Integration run finished. {"event_id":40,"event_uuid":"169bd9fc-d1a9-46dd-a627-29b56e35fa7a","order_id":8188,"event_type":"payment_refunded","integration_status":"skipped","source":"gateway"}
