2026-08-02T01:45:57+00:00 INFO Payment event recorded. {"event_id":306,"event_uuid":"5b39238d-0f42-43aa-be75-9df38d275e04","order_id":8500,"event_type":"payment_completed","source":"gateway","gateway":"cod"}
2026-08-02T01:45:58+00:00 INFO Integration run finished. {"event_id":306,"event_uuid":"5b39238d-0f42-43aa-be75-9df38d275e04","order_id":8500,"event_type":"payment_completed","integration_status":"completed","source":"gateway"}
2026-08-02T01:45:58+00:00 INFO Integration run finished. {"event_id":306,"event_uuid":"5b39238d-0f42-43aa-be75-9df38d275e04","order_id":8500,"event_type":"payment_completed","integration_status":"completed","source":"gateway"}
2026-08-02T01:45:58+00:00 INFO Payment event recorded. {"event_id":308,"event_uuid":"71bd1c8b-0b65-4d19-a62e-4992bb0ae1e8","order_id":8502,"event_type":"payment_completed","source":"gateway","gateway":"cod"}
2026-08-02T01:45:58+00:00 INFO Integration run finished. {"event_id":308,"event_uuid":"71bd1c8b-0b65-4d19-a62e-4992bb0ae1e8","order_id":8502,"event_type":"payment_completed","integration_status":"skipped","source":"gateway"}
2026-08-02T01:45:59+00:00 INFO Payment event recorded. {"event_id":309,"event_uuid":"1aa6b2aa-88b1-46c4-9ded-a3d3f5e0a632","order_id":8504,"event_type":"payment_completed","source":"gateway","gateway":"cod"}
2026-08-02T01:45:59+00:00 ERROR Integration run failed. {"event_id":309,"event_uuid":"1aa6b2aa-88b1-46c4-9ded-a3d3f5e0a632","order_id":8504,"event_type":"payment_completed","code":"0"}
2026-08-02T01:46:00+00:00 INFO Payment event recorded. {"event_id":310,"event_uuid":"bfbc1e3e-4978-430c-a08d-bf8858b69820","order_id":8506,"event_type":"payment_partially_refunded","source":"gateway","gateway":"cod"}
2026-08-02T01:46:00+00:00 INFO Integration run finished. {"event_id":310,"event_uuid":"bfbc1e3e-4978-430c-a08d-bf8858b69820","order_id":8506,"event_type":"payment_partially_refunded","integration_status":"review","source":"gateway"}
2026-08-02T01:46:00+00:00 INFO Additional partial refund recorded against the existing event. {"event_id":310,"order_id":8506,"event_type":"payment_partially_refunded"}
2026-08-02T01:46:00+00:00 INFO Additional partial refund recorded against the existing event. {"event_id":310,"order_id":8506,"event_type":"payment_partially_refunded"}
2026-08-02T01:46:00+00:00 INFO Additional partial refund recorded against the existing event. {"event_id":310,"order_id":8506,"event_type":"payment_partially_refunded"}
2026-08-02T01:46:00+00:00 INFO Payment event recorded. {"event_id":314,"event_uuid":"ced1a8a1-20ca-419a-a712-f27ad44e8644","order_id":8506,"event_type":"payment_refunded","source":"gateway","gateway":"cod"}
2026-08-02T01:46:00+00:00 INFO Integration run finished. {"event_id":314,"event_uuid":"ced1a8a1-20ca-419a-a712-f27ad44e8644","order_id":8506,"event_type":"payment_refunded","integration_status":"skipped","source":"gateway"}
2026-08-02T02:20:13+00:00 INFO Payment event recorded. {"event_id":320,"event_uuid":"e4f68963-1c23-444b-b9b3-db024aecad4c","order_id":8551,"event_type":"payment_completed","source":"gateway","gateway":"cod"}
2026-08-02T02:20:13+00:00 INFO Integration run finished. {"event_id":320,"event_uuid":"e4f68963-1c23-444b-b9b3-db024aecad4c","order_id":8551,"event_type":"payment_completed","integration_status":"completed","source":"gateway"}
2026-08-02T02:20:13+00:00 INFO Integration run finished. {"event_id":320,"event_uuid":"e4f68963-1c23-444b-b9b3-db024aecad4c","order_id":8551,"event_type":"payment_completed","integration_status":"completed","source":"gateway"}
2026-08-02T02:20:14+00:00 INFO Payment event recorded. {"event_id":322,"event_uuid":"e01a7750-d159-487b-b80a-73fb489f55f2","order_id":8553,"event_type":"payment_completed","source":"gateway","gateway":"cod"}
2026-08-02T02:20:14+00:00 INFO Integration run finished. {"event_id":322,"event_uuid":"e01a7750-d159-487b-b80a-73fb489f55f2","order_id":8553,"event_type":"payment_completed","integration_status":"skipped","source":"gateway"}
2026-08-02T02:20:15+00:00 INFO Payment event recorded. {"event_id":323,"event_uuid":"3820f77d-ff2c-459f-aef4-a63e7d9c3c45","order_id":8555,"event_type":"payment_completed","source":"gateway","gateway":"cod"}
2026-08-02T02:20:15+00:00 ERROR Integration run failed. {"event_id":323,"event_uuid":"3820f77d-ff2c-459f-aef4-a63e7d9c3c45","order_id":8555,"event_type":"payment_completed","code":"0"}
2026-08-02T02:20:16+00:00 INFO Payment event recorded. {"event_id":324,"event_uuid":"f90d24b5-bdb7-4685-9cff-9ababb4401c9","order_id":8557,"event_type":"payment_partially_refunded","source":"gateway","gateway":"cod"}
2026-08-02T02:20:16+00:00 INFO Integration run finished. {"event_id":324,"event_uuid":"f90d24b5-bdb7-4685-9cff-9ababb4401c9","order_id":8557,"event_type":"payment_partially_refunded","integration_status":"review","source":"gateway"}
2026-08-02T02:20:16+00:00 INFO Additional partial refund recorded against the existing event. {"event_id":324,"order_id":8557,"event_type":"payment_partially_refunded"}
2026-08-02T02:20:16+00:00 INFO Additional partial refund recorded against the existing event. {"event_id":324,"order_id":8557,"event_type":"payment_partially_refunded"}
2026-08-02T02:20:16+00:00 INFO Additional partial refund recorded against the existing event. {"event_id":324,"order_id":8557,"event_type":"payment_partially_refunded"}
2026-08-02T02:20:16+00:00 INFO Payment event recorded. {"event_id":328,"event_uuid":"2069d11d-f44c-4416-99e3-29eb956cda90","order_id":8557,"event_type":"payment_refunded","source":"gateway","gateway":"cod"}
2026-08-02T02:20:16+00:00 INFO Integration run finished. {"event_id":328,"event_uuid":"2069d11d-f44c-4416-99e3-29eb956cda90","order_id":8557,"event_type":"payment_refunded","integration_status":"skipped","source":"gateway"}
2026-08-02T02:43:39+00:00 INFO Payment event recorded. {"event_id":334,"event_uuid":"b1eab1d4-59fa-4f37-a7a9-aa6d4c14b224","order_id":8590,"event_type":"payment_completed","source":"gateway","gateway":"cod"}
2026-08-02T02:43:39+00:00 INFO Integration run finished. {"event_id":334,"event_uuid":"b1eab1d4-59fa-4f37-a7a9-aa6d4c14b224","order_id":8590,"event_type":"payment_completed","integration_status":"completed","source":"gateway"}
2026-08-02T02:43:39+00:00 INFO Integration run finished. {"event_id":334,"event_uuid":"b1eab1d4-59fa-4f37-a7a9-aa6d4c14b224","order_id":8590,"event_type":"payment_completed","integration_status":"completed","source":"gateway"}
2026-08-02T02:43:40+00:00 INFO Payment event recorded. {"event_id":336,"event_uuid":"4da688bd-9043-47b5-ad63-6f3ce802a14a","order_id":8592,"event_type":"payment_completed","source":"gateway","gateway":"cod"}
2026-08-02T02:43:40+00:00 INFO Integration run finished. {"event_id":336,"event_uuid":"4da688bd-9043-47b5-ad63-6f3ce802a14a","order_id":8592,"event_type":"payment_completed","integration_status":"skipped","source":"gateway"}
2026-08-02T02:43:41+00:00 INFO Payment event recorded. {"event_id":337,"event_uuid":"8ab74325-41ad-4344-bfba-de24d59a84e7","order_id":8594,"event_type":"payment_completed","source":"gateway","gateway":"cod"}
2026-08-02T02:43:41+00:00 ERROR Integration run failed. {"event_id":337,"event_uuid":"8ab74325-41ad-4344-bfba-de24d59a84e7","order_id":8594,"event_type":"payment_completed","code":"0"}
2026-08-02T02:43:42+00:00 INFO Payment event recorded. {"event_id":338,"event_uuid":"0fb34041-6ccd-46fa-afc4-93f8a80fe2d6","order_id":8596,"event_type":"payment_partially_refunded","source":"gateway","gateway":"cod"}
2026-08-02T02:43:42+00:00 INFO Integration run finished. {"event_id":338,"event_uuid":"0fb34041-6ccd-46fa-afc4-93f8a80fe2d6","order_id":8596,"event_type":"payment_partially_refunded","integration_status":"review","source":"gateway"}
2026-08-02T02:43:42+00:00 INFO Additional partial refund recorded against the existing event. {"event_id":338,"order_id":8596,"event_type":"payment_partially_refunded"}
2026-08-02T02:43:42+00:00 INFO Additional partial refund recorded against the existing event. {"event_id":338,"order_id":8596,"event_type":"payment_partially_refunded"}
2026-08-02T02:43:42+00:00 INFO Additional partial refund recorded against the existing event. {"event_id":338,"order_id":8596,"event_type":"payment_partially_refunded"}
2026-08-02T02:43:42+00:00 INFO Payment event recorded. {"event_id":342,"event_uuid":"fa67d213-9898-482d-ad3c-8ad9ffa710d3","order_id":8596,"event_type":"payment_refunded","source":"gateway","gateway":"cod"}
2026-08-02T02:43:42+00:00 INFO Integration run finished. {"event_id":342,"event_uuid":"fa67d213-9898-482d-ad3c-8ad9ffa710d3","order_id":8596,"event_type":"payment_refunded","integration_status":"skipped","source":"gateway"}
2026-08-02T10:34:21+00:00 INFO Payment event recorded. {"event_id":345,"event_uuid":"036f82e0-6760-4419-828e-c05865a2eb46","order_id":8608,"event_type":"payment_completed","source":"gateway","gateway":"yz_test_card"}
2026-08-02T10:34:21+00:00 INFO Integration run finished. {"event_id":345,"event_uuid":"036f82e0-6760-4419-828e-c05865a2eb46","order_id":8608,"event_type":"payment_completed","integration_status":"skipped","source":"gateway"}
2026-08-02T10:41:32+00:00 INFO Payment event recorded. {"event_id":347,"event_uuid":"f565512d-96fb-43ea-a765-d8b0a4aa16dd","order_id":8609,"event_type":"payment_completed","source":"gateway","gateway":"yz_test_card"}
2026-08-02T10:41:32+00:00 INFO Integration run finished. {"event_id":347,"event_uuid":"f565512d-96fb-43ea-a765-d8b0a4aa16dd","order_id":8609,"event_type":"payment_completed","integration_status":"skipped","source":"gateway"}
2026-08-02T12:47:01+00:00 INFO Payment event recorded. {"event_id":352,"event_uuid":"5763065d-662f-4891-a9c6-9f557978b9c7","order_id":8624,"event_type":"payment_completed","source":"gateway","gateway":"cod"}
2026-08-02T12:47:01+00:00 INFO Integration run finished. {"event_id":352,"event_uuid":"5763065d-662f-4891-a9c6-9f557978b9c7","order_id":8624,"event_type":"payment_completed","integration_status":"completed","source":"gateway"}
2026-08-02T12:47:01+00:00 INFO Integration run finished. {"event_id":352,"event_uuid":"5763065d-662f-4891-a9c6-9f557978b9c7","order_id":8624,"event_type":"payment_completed","integration_status":"completed","source":"gateway"}
2026-08-02T12:47:02+00:00 INFO Payment event recorded. {"event_id":354,"event_uuid":"45051164-c34d-450c-a014-1fb7773e1417","order_id":8626,"event_type":"payment_completed","source":"gateway","gateway":"cod"}
2026-08-02T12:47:02+00:00 INFO Integration run finished. {"event_id":354,"event_uuid":"45051164-c34d-450c-a014-1fb7773e1417","order_id":8626,"event_type":"payment_completed","integration_status":"skipped","source":"gateway"}
2026-08-02T12:47:03+00:00 INFO Payment event recorded. {"event_id":355,"event_uuid":"e75dfcde-0495-407e-8167-9684692775b1","order_id":8628,"event_type":"payment_completed","source":"gateway","gateway":"cod"}
2026-08-02T12:47:03+00:00 ERROR Integration run failed. {"event_id":355,"event_uuid":"e75dfcde-0495-407e-8167-9684692775b1","order_id":8628,"event_type":"payment_completed","code":"0"}
2026-08-02T12:47:04+00:00 INFO Payment event recorded. {"event_id":356,"event_uuid":"a9bcc423-df69-4556-a826-bf1905b6fdc6","order_id":8630,"event_type":"payment_partially_refunded","source":"gateway","gateway":"cod"}
2026-08-02T12:47:04+00:00 INFO Integration run finished. {"event_id":356,"event_uuid":"a9bcc423-df69-4556-a826-bf1905b6fdc6","order_id":8630,"event_type":"payment_partially_refunded","integration_status":"review","source":"gateway"}
2026-08-02T12:47:04+00:00 INFO Additional partial refund recorded against the existing event. {"event_id":356,"order_id":8630,"event_type":"payment_partially_refunded"}
2026-08-02T12:47:04+00:00 INFO Additional partial refund recorded against the existing event. {"event_id":356,"order_id":8630,"event_type":"payment_partially_refunded"}
2026-08-02T12:47:04+00:00 INFO Additional partial refund recorded against the existing event. {"event_id":356,"order_id":8630,"event_type":"payment_partially_refunded"}
2026-08-02T12:47:04+00:00 INFO Payment event recorded. {"event_id":360,"event_uuid":"7312c190-777d-40ec-852c-5fe17e016520","order_id":8630,"event_type":"payment_refunded","source":"gateway","gateway":"cod"}
2026-08-02T12:47:04+00:00 INFO Integration run finished. {"event_id":360,"event_uuid":"7312c190-777d-40ec-852c-5fe17e016520","order_id":8630,"event_type":"payment_refunded","integration_status":"skipped","source":"gateway"}
2026-08-02T12:49:42+00:00 INFO Payment event recorded. {"event_id":366,"event_uuid":"a53705d7-5c56-4415-821b-b2d9866460cc","order_id":8652,"event_type":"payment_completed","source":"gateway","gateway":"cod"}
2026-08-02T12:49:42+00:00 INFO Integration run finished. {"event_id":366,"event_uuid":"a53705d7-5c56-4415-821b-b2d9866460cc","order_id":8652,"event_type":"payment_completed","integration_status":"completed","source":"gateway"}
2026-08-02T12:49:42+00:00 INFO Integration run finished. {"event_id":366,"event_uuid":"a53705d7-5c56-4415-821b-b2d9866460cc","order_id":8652,"event_type":"payment_completed","integration_status":"completed","source":"gateway"}
2026-08-02T12:49:42+00:00 INFO Payment event recorded. {"event_id":368,"event_uuid":"750d066e-4c67-4c38-a7cf-80927672876a","order_id":8654,"event_type":"payment_completed","source":"gateway","gateway":"cod"}
2026-08-02T12:49:42+00:00 INFO Integration run finished. {"event_id":368,"event_uuid":"750d066e-4c67-4c38-a7cf-80927672876a","order_id":8654,"event_type":"payment_completed","integration_status":"skipped","source":"gateway"}
2026-08-02T12:49:43+00:00 INFO Payment event recorded. {"event_id":369,"event_uuid":"91f3b693-9225-4b54-b323-87581dc18b4b","order_id":8656,"event_type":"payment_completed","source":"gateway","gateway":"cod"}
2026-08-02T12:49:43+00:00 ERROR Integration run failed. {"event_id":369,"event_uuid":"91f3b693-9225-4b54-b323-87581dc18b4b","order_id":8656,"event_type":"payment_completed","code":"0"}
2026-08-02T12:49:44+00:00 INFO Payment event recorded. {"event_id":370,"event_uuid":"2ca056cd-c1b2-49f3-ac85-84635d012dce","order_id":8658,"event_type":"payment_partially_refunded","source":"gateway","gateway":"cod"}
2026-08-02T12:49:44+00:00 INFO Integration run finished. {"event_id":370,"event_uuid":"2ca056cd-c1b2-49f3-ac85-84635d012dce","order_id":8658,"event_type":"payment_partially_refunded","integration_status":"review","source":"gateway"}
2026-08-02T12:49:44+00:00 INFO Additional partial refund recorded against the existing event. {"event_id":370,"order_id":8658,"event_type":"payment_partially_refunded"}
2026-08-02T12:49:44+00:00 INFO Additional partial refund recorded against the existing event. {"event_id":370,"order_id":8658,"event_type":"payment_partially_refunded"}
2026-08-02T12:49:44+00:00 INFO Additional partial refund recorded against the existing event. {"event_id":370,"order_id":8658,"event_type":"payment_partially_refunded"}
2026-08-02T12:49:44+00:00 INFO Payment event recorded. {"event_id":374,"event_uuid":"660579b4-6abc-41e4-ae02-2aecac40cf96","order_id":8658,"event_type":"payment_refunded","source":"gateway","gateway":"cod"}
2026-08-02T12:49:44+00:00 INFO Integration run finished. {"event_id":374,"event_uuid":"660579b4-6abc-41e4-ae02-2aecac40cf96","order_id":8658,"event_type":"payment_refunded","integration_status":"skipped","source":"gateway"}
2026-08-02T12:54:44+00:00 INFO Payment event recorded. {"event_id":380,"event_uuid":"1852b74b-3004-4a6a-bd76-262b0aa29c8f","order_id":8680,"event_type":"payment_completed","source":"gateway","gateway":"cod"}
2026-08-02T12:54:44+00:00 INFO Integration run finished. {"event_id":380,"event_uuid":"1852b74b-3004-4a6a-bd76-262b0aa29c8f","order_id":8680,"event_type":"payment_completed","integration_status":"completed","source":"gateway"}
2026-08-02T12:54:44+00:00 INFO Integration run finished. {"event_id":380,"event_uuid":"1852b74b-3004-4a6a-bd76-262b0aa29c8f","order_id":8680,"event_type":"payment_completed","integration_status":"completed","source":"gateway"}
2026-08-02T12:54:44+00:00 INFO Payment event recorded. {"event_id":382,"event_uuid":"46d26ff7-dbfc-4813-9e08-0f3f21dc7fb4","order_id":8682,"event_type":"payment_completed","source":"gateway","gateway":"cod"}
2026-08-02T12:54:44+00:00 INFO Integration run finished. {"event_id":382,"event_uuid":"46d26ff7-dbfc-4813-9e08-0f3f21dc7fb4","order_id":8682,"event_type":"payment_completed","integration_status":"skipped","source":"gateway"}
2026-08-02T12:54:45+00:00 INFO Payment event recorded. {"event_id":383,"event_uuid":"14576072-a147-48be-b68e-c9534c3b0487","order_id":8684,"event_type":"payment_completed","source":"gateway","gateway":"cod"}
2026-08-02T12:54:45+00:00 ERROR Integration run failed. {"event_id":383,"event_uuid":"14576072-a147-48be-b68e-c9534c3b0487","order_id":8684,"event_type":"payment_completed","code":"0"}
2026-08-02T12:54:46+00:00 INFO Payment event recorded. {"event_id":384,"event_uuid":"2859b470-3edf-4ba7-ae88-12f3db44a4a0","order_id":8686,"event_type":"payment_partially_refunded","source":"gateway","gateway":"cod"}
2026-08-02T12:54:46+00:00 INFO Integration run finished. {"event_id":384,"event_uuid":"2859b470-3edf-4ba7-ae88-12f3db44a4a0","order_id":8686,"event_type":"payment_partially_refunded","integration_status":"review","source":"gateway"}
2026-08-02T12:54:46+00:00 INFO Additional partial refund recorded against the existing event. {"event_id":384,"order_id":8686,"event_type":"payment_partially_refunded"}
2026-08-02T12:54:46+00:00 INFO Additional partial refund recorded against the existing event. {"event_id":384,"order_id":8686,"event_type":"payment_partially_refunded"}
2026-08-02T12:54:46+00:00 INFO Additional partial refund recorded against the existing event. {"event_id":384,"order_id":8686,"event_type":"payment_partially_refunded"}
2026-08-02T12:54:46+00:00 INFO Payment event recorded. {"event_id":388,"event_uuid":"6065c5cc-2438-4838-886a-76be599cf27f","order_id":8686,"event_type":"payment_refunded","source":"gateway","gateway":"cod"}
2026-08-02T12:54:46+00:00 INFO Integration run finished. {"event_id":388,"event_uuid":"6065c5cc-2438-4838-886a-76be599cf27f","order_id":8686,"event_type":"payment_refunded","integration_status":"skipped","source":"gateway"}
2026-08-02T13:03:24+00:00 INFO Payment event recorded. {"event_id":394,"event_uuid":"54668672-22e9-49c1-be1e-6507b1929402","order_id":8708,"event_type":"payment_completed","source":"gateway","gateway":"cod"}
2026-08-02T13:03:24+00:00 INFO Integration run finished. {"event_id":394,"event_uuid":"54668672-22e9-49c1-be1e-6507b1929402","order_id":8708,"event_type":"payment_completed","integration_status":"completed","source":"gateway"}
2026-08-02T13:03:24+00:00 INFO Integration run finished. {"event_id":394,"event_uuid":"54668672-22e9-49c1-be1e-6507b1929402","order_id":8708,"event_type":"payment_completed","integration_status":"completed","source":"gateway"}
2026-08-02T13:03:25+00:00 INFO Payment event recorded. {"event_id":396,"event_uuid":"389cacca-dee2-4c02-a30d-3dd81d69ed79","order_id":8710,"event_type":"payment_completed","source":"gateway","gateway":"cod"}
2026-08-02T13:03:25+00:00 INFO Integration run finished. {"event_id":396,"event_uuid":"389cacca-dee2-4c02-a30d-3dd81d69ed79","order_id":8710,"event_type":"payment_completed","integration_status":"skipped","source":"gateway"}
2026-08-02T13:03:25+00:00 INFO Payment event recorded. {"event_id":397,"event_uuid":"4325c486-e66e-400f-8652-9003cc4bdda9","order_id":8712,"event_type":"payment_completed","source":"gateway","gateway":"cod"}
2026-08-02T13:03:26+00:00 ERROR Integration run failed. {"event_id":397,"event_uuid":"4325c486-e66e-400f-8652-9003cc4bdda9","order_id":8712,"event_type":"payment_completed","code":"0"}
2026-08-02T13:03:26+00:00 INFO Payment event recorded. {"event_id":398,"event_uuid":"f12e6fa4-c289-43df-bf71-84e2319a548e","order_id":8714,"event_type":"payment_partially_refunded","source":"gateway","gateway":"cod"}
2026-08-02T13:03:26+00:00 INFO Integration run finished. {"event_id":398,"event_uuid":"f12e6fa4-c289-43df-bf71-84e2319a548e","order_id":8714,"event_type":"payment_partially_refunded","integration_status":"review","source":"gateway"}
2026-08-02T13:03:26+00:00 INFO Additional partial refund recorded against the existing event. {"event_id":398,"order_id":8714,"event_type":"payment_partially_refunded"}
2026-08-02T13:03:26+00:00 INFO Additional partial refund recorded against the existing event. {"event_id":398,"order_id":8714,"event_type":"payment_partially_refunded"}
2026-08-02T13:03:26+00:00 INFO Additional partial refund recorded against the existing event. {"event_id":398,"order_id":8714,"event_type":"payment_partially_refunded"}
2026-08-02T13:03:27+00:00 INFO Payment event recorded. {"event_id":402,"event_uuid":"278b2232-c5ac-45fa-b8ac-a1ec621ed44a","order_id":8714,"event_type":"payment_refunded","source":"gateway","gateway":"cod"}
2026-08-02T13:03:27+00:00 INFO Integration run finished. {"event_id":402,"event_uuid":"278b2232-c5ac-45fa-b8ac-a1ec621ed44a","order_id":8714,"event_type":"payment_refunded","integration_status":"skipped","source":"gateway"}
2026-08-02T13:05:26+00:00 INFO Payment event recorded. {"event_id":408,"event_uuid":"3c9401f4-f878-4526-9da9-6cb157174025","order_id":8736,"event_type":"payment_completed","source":"gateway","gateway":"cod"}
2026-08-02T13:05:26+00:00 INFO Integration run finished. {"event_id":408,"event_uuid":"3c9401f4-f878-4526-9da9-6cb157174025","order_id":8736,"event_type":"payment_completed","integration_status":"completed","source":"gateway"}
2026-08-02T13:05:26+00:00 INFO Integration run finished. {"event_id":408,"event_uuid":"3c9401f4-f878-4526-9da9-6cb157174025","order_id":8736,"event_type":"payment_completed","integration_status":"completed","source":"gateway"}
2026-08-02T13:05:27+00:00 INFO Payment event recorded. {"event_id":410,"event_uuid":"6a41e582-c45e-46d5-a812-af66eaee39f4","order_id":8738,"event_type":"payment_completed","source":"gateway","gateway":"cod"}
2026-08-02T13:05:27+00:00 INFO Integration run finished. {"event_id":410,"event_uuid":"6a41e582-c45e-46d5-a812-af66eaee39f4","order_id":8738,"event_type":"payment_completed","integration_status":"skipped","source":"gateway"}
2026-08-02T13:05:28+00:00 INFO Payment event recorded. {"event_id":411,"event_uuid":"4d95fadc-c0ec-487b-bfda-10d7610663e5","order_id":8740,"event_type":"payment_completed","source":"gateway","gateway":"cod"}
2026-08-02T13:05:28+00:00 ERROR Integration run failed. {"event_id":411,"event_uuid":"4d95fadc-c0ec-487b-bfda-10d7610663e5","order_id":8740,"event_type":"payment_completed","code":"0"}
2026-08-02T13:05:29+00:00 INFO Payment event recorded. {"event_id":412,"event_uuid":"5366503f-0698-4b53-b472-6322f204de27","order_id":8742,"event_type":"payment_partially_refunded","source":"gateway","gateway":"cod"}
2026-08-02T13:05:29+00:00 INFO Integration run finished. {"event_id":412,"event_uuid":"5366503f-0698-4b53-b472-6322f204de27","order_id":8742,"event_type":"payment_partially_refunded","integration_status":"review","source":"gateway"}
2026-08-02T13:05:29+00:00 INFO Additional partial refund recorded against the existing event. {"event_id":412,"order_id":8742,"event_type":"payment_partially_refunded"}
2026-08-02T13:05:29+00:00 INFO Additional partial refund recorded against the existing event. {"event_id":412,"order_id":8742,"event_type":"payment_partially_refunded"}
2026-08-02T13:05:29+00:00 INFO Additional partial refund recorded against the existing event. {"event_id":412,"order_id":8742,"event_type":"payment_partially_refunded"}
2026-08-02T13:05:29+00:00 INFO Payment event recorded. {"event_id":416,"event_uuid":"c5576341-c0f5-4832-9f2d-df12b442636f","order_id":8742,"event_type":"payment_refunded","source":"gateway","gateway":"cod"}
2026-08-02T13:05:29+00:00 INFO Integration run finished. {"event_id":416,"event_uuid":"c5576341-c0f5-4832-9f2d-df12b442636f","order_id":8742,"event_type":"payment_refunded","integration_status":"skipped","source":"gateway"}
2026-08-02T13:08:43+00:00 INFO Payment event recorded. {"event_id":422,"event_uuid":"bca0aa26-164d-4cd8-8382-b324f8d60dae","order_id":8764,"event_type":"payment_completed","source":"gateway","gateway":"cod"}
2026-08-02T13:08:43+00:00 INFO Integration run finished. {"event_id":422,"event_uuid":"bca0aa26-164d-4cd8-8382-b324f8d60dae","order_id":8764,"event_type":"payment_completed","integration_status":"completed","source":"gateway"}
2026-08-02T13:08:43+00:00 INFO Integration run finished. {"event_id":422,"event_uuid":"bca0aa26-164d-4cd8-8382-b324f8d60dae","order_id":8764,"event_type":"payment_completed","integration_status":"completed","source":"gateway"}
2026-08-02T13:08:43+00:00 INFO Payment event recorded. {"event_id":424,"event_uuid":"330a3e1f-78c2-4d22-8f61-c19e6fa3e729","order_id":8766,"event_type":"payment_completed","source":"gateway","gateway":"cod"}
2026-08-02T13:08:43+00:00 INFO Integration run finished. {"event_id":424,"event_uuid":"330a3e1f-78c2-4d22-8f61-c19e6fa3e729","order_id":8766,"event_type":"payment_completed","integration_status":"skipped","source":"gateway"}
2026-08-02T13:08:44+00:00 INFO Payment event recorded. {"event_id":425,"event_uuid":"0c9b9fdd-0a2d-4ee0-9b60-1251032acc7d","order_id":8768,"event_type":"payment_completed","source":"gateway","gateway":"cod"}
2026-08-02T13:08:44+00:00 ERROR Integration run failed. {"event_id":425,"event_uuid":"0c9b9fdd-0a2d-4ee0-9b60-1251032acc7d","order_id":8768,"event_type":"payment_completed","code":"0"}
2026-08-02T13:08:45+00:00 INFO Payment event recorded. {"event_id":426,"event_uuid":"446b0514-bb27-4823-89c0-2193fc560933","order_id":8770,"event_type":"payment_partially_refunded","source":"gateway","gateway":"cod"}
2026-08-02T13:08:45+00:00 INFO Integration run finished. {"event_id":426,"event_uuid":"446b0514-bb27-4823-89c0-2193fc560933","order_id":8770,"event_type":"payment_partially_refunded","integration_status":"review","source":"gateway"}
2026-08-02T13:08:45+00:00 INFO Additional partial refund recorded against the existing event. {"event_id":426,"order_id":8770,"event_type":"payment_partially_refunded"}
2026-08-02T13:08:45+00:00 INFO Additional partial refund recorded against the existing event. {"event_id":426,"order_id":8770,"event_type":"payment_partially_refunded"}
2026-08-02T13:08:45+00:00 INFO Additional partial refund recorded against the existing event. {"event_id":426,"order_id":8770,"event_type":"payment_partially_refunded"}
2026-08-02T13:08:45+00:00 INFO Payment event recorded. {"event_id":430,"event_uuid":"9f1f1352-e68d-4d56-b3c3-99e173679a20","order_id":8770,"event_type":"payment_refunded","source":"gateway","gateway":"cod"}
2026-08-02T13:08:45+00:00 INFO Integration run finished. {"event_id":430,"event_uuid":"9f1f1352-e68d-4d56-b3c3-99e173679a20","order_id":8770,"event_type":"payment_refunded","integration_status":"skipped","source":"gateway"}
2026-08-02T13:10:35+00:00 INFO Payment event recorded. {"event_id":436,"event_uuid":"1bc8f1cf-2e3d-4d94-ad38-a35337c5146a","order_id":8792,"event_type":"payment_completed","source":"gateway","gateway":"cod"}
2026-08-02T13:10:35+00:00 INFO Integration run finished. {"event_id":436,"event_uuid":"1bc8f1cf-2e3d-4d94-ad38-a35337c5146a","order_id":8792,"event_type":"payment_completed","integration_status":"completed","source":"gateway"}
2026-08-02T13:10:35+00:00 INFO Integration run finished. {"event_id":436,"event_uuid":"1bc8f1cf-2e3d-4d94-ad38-a35337c5146a","order_id":8792,"event_type":"payment_completed","integration_status":"completed","source":"gateway"}
2026-08-02T13:10:36+00:00 INFO Payment event recorded. {"event_id":438,"event_uuid":"d3ed9053-72f9-4ebf-9c19-86770b9c27b7","order_id":8794,"event_type":"payment_completed","source":"gateway","gateway":"cod"}
2026-08-02T13:10:36+00:00 INFO Integration run finished. {"event_id":438,"event_uuid":"d3ed9053-72f9-4ebf-9c19-86770b9c27b7","order_id":8794,"event_type":"payment_completed","integration_status":"skipped","source":"gateway"}
2026-08-02T13:10:37+00:00 INFO Payment event recorded. {"event_id":439,"event_uuid":"724b4973-1d5e-41a0-ba46-509ecc491993","order_id":8796,"event_type":"payment_completed","source":"gateway","gateway":"cod"}
2026-08-02T13:10:37+00:00 ERROR Integration run failed. {"event_id":439,"event_uuid":"724b4973-1d5e-41a0-ba46-509ecc491993","order_id":8796,"event_type":"payment_completed","code":"0"}
2026-08-02T13:10:37+00:00 INFO Payment event recorded. {"event_id":440,"event_uuid":"92c1df48-8d48-4c41-a5fc-4ecfaba5db97","order_id":8798,"event_type":"payment_partially_refunded","source":"gateway","gateway":"cod"}
2026-08-02T13:10:37+00:00 INFO Integration run finished. {"event_id":440,"event_uuid":"92c1df48-8d48-4c41-a5fc-4ecfaba5db97","order_id":8798,"event_type":"payment_partially_refunded","integration_status":"review","source":"gateway"}
2026-08-02T13:10:37+00:00 INFO Additional partial refund recorded against the existing event. {"event_id":440,"order_id":8798,"event_type":"payment_partially_refunded"}
2026-08-02T13:10:37+00:00 INFO Additional partial refund recorded against the existing event. {"event_id":440,"order_id":8798,"event_type":"payment_partially_refunded"}
2026-08-02T13:10:37+00:00 INFO Additional partial refund recorded against the existing event. {"event_id":440,"order_id":8798,"event_type":"payment_partially_refunded"}
2026-08-02T13:10:38+00:00 INFO Payment event recorded. {"event_id":444,"event_uuid":"df867024-d7f7-4639-8f62-6571c8a0b2cb","order_id":8798,"event_type":"payment_refunded","source":"gateway","gateway":"cod"}
2026-08-02T13:10:38+00:00 INFO Integration run finished. {"event_id":444,"event_uuid":"df867024-d7f7-4639-8f62-6571c8a0b2cb","order_id":8798,"event_type":"payment_refunded","integration_status":"skipped","source":"gateway"}
2026-08-02T13:14:21+00:00 INFO Payment event recorded. {"event_id":450,"event_uuid":"45d7914f-d48b-4313-82b5-3290e3f9f28b","order_id":8820,"event_type":"payment_completed","source":"gateway","gateway":"cod"}
2026-08-02T13:14:21+00:00 INFO Integration run finished. {"event_id":450,"event_uuid":"45d7914f-d48b-4313-82b5-3290e3f9f28b","order_id":8820,"event_type":"payment_completed","integration_status":"completed","source":"gateway"}
2026-08-02T13:14:21+00:00 INFO Integration run finished. {"event_id":450,"event_uuid":"45d7914f-d48b-4313-82b5-3290e3f9f28b","order_id":8820,"event_type":"payment_completed","integration_status":"completed","source":"gateway"}
2026-08-02T13:14:22+00:00 INFO Payment event recorded. {"event_id":452,"event_uuid":"724216e1-59ec-4b1c-9658-8bb1792456a0","order_id":8822,"event_type":"payment_completed","source":"gateway","gateway":"cod"}
2026-08-02T13:14:22+00:00 INFO Integration run finished. {"event_id":452,"event_uuid":"724216e1-59ec-4b1c-9658-8bb1792456a0","order_id":8822,"event_type":"payment_completed","integration_status":"skipped","source":"gateway"}
2026-08-02T13:14:22+00:00 INFO Payment event recorded. {"event_id":453,"event_uuid":"74c5b145-dd10-4748-a06a-20d03ae4b437","order_id":8824,"event_type":"payment_completed","source":"gateway","gateway":"cod"}
2026-08-02T13:14:22+00:00 ERROR Integration run failed. {"event_id":453,"event_uuid":"74c5b145-dd10-4748-a06a-20d03ae4b437","order_id":8824,"event_type":"payment_completed","code":"0"}
2026-08-02T13:14:23+00:00 INFO Payment event recorded. {"event_id":454,"event_uuid":"152c3a13-9783-433f-945b-1552b776f5c3","order_id":8826,"event_type":"payment_partially_refunded","source":"gateway","gateway":"cod"}
2026-08-02T13:14:23+00:00 INFO Integration run finished. {"event_id":454,"event_uuid":"152c3a13-9783-433f-945b-1552b776f5c3","order_id":8826,"event_type":"payment_partially_refunded","integration_status":"review","source":"gateway"}
2026-08-02T13:14:23+00:00 INFO Additional partial refund recorded against the existing event. {"event_id":454,"order_id":8826,"event_type":"payment_partially_refunded"}
2026-08-02T13:14:23+00:00 INFO Additional partial refund recorded against the existing event. {"event_id":454,"order_id":8826,"event_type":"payment_partially_refunded"}
2026-08-02T13:14:23+00:00 INFO Additional partial refund recorded against the existing event. {"event_id":454,"order_id":8826,"event_type":"payment_partially_refunded"}
2026-08-02T13:14:23+00:00 INFO Payment event recorded. {"event_id":458,"event_uuid":"8f01b8c5-9bc4-4d8b-a76e-5766b7a839c0","order_id":8826,"event_type":"payment_refunded","source":"gateway","gateway":"cod"}
2026-08-02T13:14:23+00:00 INFO Integration run finished. {"event_id":458,"event_uuid":"8f01b8c5-9bc4-4d8b-a76e-5766b7a839c0","order_id":8826,"event_type":"payment_refunded","integration_status":"skipped","source":"gateway"}
2026-08-02T13:20:34+00:00 INFO Payment event recorded. {"event_id":464,"event_uuid":"69cb8679-f077-4226-a0d3-76c1dd9666a7","order_id":8848,"event_type":"payment_completed","source":"gateway","gateway":"cod"}
2026-08-02T13:20:34+00:00 INFO Integration run finished. {"event_id":464,"event_uuid":"69cb8679-f077-4226-a0d3-76c1dd9666a7","order_id":8848,"event_type":"payment_completed","integration_status":"completed","source":"gateway"}
2026-08-02T13:20:34+00:00 INFO Integration run finished. {"event_id":464,"event_uuid":"69cb8679-f077-4226-a0d3-76c1dd9666a7","order_id":8848,"event_type":"payment_completed","integration_status":"completed","source":"gateway"}
2026-08-02T13:20:35+00:00 INFO Payment event recorded. {"event_id":466,"event_uuid":"0356fcbd-b7b7-4606-ac4e-9f180509be02","order_id":8850,"event_type":"payment_completed","source":"gateway","gateway":"cod"}
2026-08-02T13:20:35+00:00 INFO Integration run finished. {"event_id":466,"event_uuid":"0356fcbd-b7b7-4606-ac4e-9f180509be02","order_id":8850,"event_type":"payment_completed","integration_status":"skipped","source":"gateway"}
2026-08-02T13:20:35+00:00 INFO Payment event recorded. {"event_id":467,"event_uuid":"41b7a9fe-1693-4e79-bbea-3d878fc47f47","order_id":8852,"event_type":"payment_completed","source":"gateway","gateway":"cod"}
2026-08-02T13:20:35+00:00 ERROR Integration run failed. {"event_id":467,"event_uuid":"41b7a9fe-1693-4e79-bbea-3d878fc47f47","order_id":8852,"event_type":"payment_completed","code":"0"}
2026-08-02T13:20:36+00:00 INFO Payment event recorded. {"event_id":468,"event_uuid":"3ee7493a-f965-4396-bc07-6ea8ae0aad20","order_id":8854,"event_type":"payment_partially_refunded","source":"gateway","gateway":"cod"}
2026-08-02T13:20:36+00:00 INFO Integration run finished. {"event_id":468,"event_uuid":"3ee7493a-f965-4396-bc07-6ea8ae0aad20","order_id":8854,"event_type":"payment_partially_refunded","integration_status":"review","source":"gateway"}
2026-08-02T13:20:36+00:00 INFO Additional partial refund recorded against the existing event. {"event_id":468,"order_id":8854,"event_type":"payment_partially_refunded"}
2026-08-02T13:20:36+00:00 INFO Additional partial refund recorded against the existing event. {"event_id":468,"order_id":8854,"event_type":"payment_partially_refunded"}
2026-08-02T13:20:36+00:00 INFO Additional partial refund recorded against the existing event. {"event_id":468,"order_id":8854,"event_type":"payment_partially_refunded"}
2026-08-02T13:20:37+00:00 INFO Payment event recorded. {"event_id":472,"event_uuid":"918a81f4-520b-4899-b1c1-897e3ea542d6","order_id":8854,"event_type":"payment_refunded","source":"gateway","gateway":"cod"}
2026-08-02T13:20:37+00:00 INFO Integration run finished. {"event_id":472,"event_uuid":"918a81f4-520b-4899-b1c1-897e3ea542d6","order_id":8854,"event_type":"payment_refunded","integration_status":"skipped","source":"gateway"}
2026-08-02T13:23:36+00:00 INFO Payment event recorded. {"event_id":478,"event_uuid":"3c94ad0b-7702-40d5-a4bb-08d7bb921838","order_id":8876,"event_type":"payment_completed","source":"gateway","gateway":"cod"}
2026-08-02T13:23:36+00:00 INFO Integration run finished. {"event_id":478,"event_uuid":"3c94ad0b-7702-40d5-a4bb-08d7bb921838","order_id":8876,"event_type":"payment_completed","integration_status":"completed","source":"gateway"}
2026-08-02T13:23:36+00:00 INFO Integration run finished. {"event_id":478,"event_uuid":"3c94ad0b-7702-40d5-a4bb-08d7bb921838","order_id":8876,"event_type":"payment_completed","integration_status":"completed","source":"gateway"}
2026-08-02T13:23:37+00:00 INFO Payment event recorded. {"event_id":480,"event_uuid":"064ddc2f-a5de-44e7-83ca-147e2a6a6552","order_id":8878,"event_type":"payment_completed","source":"gateway","gateway":"cod"}
2026-08-02T13:23:37+00:00 INFO Integration run finished. {"event_id":480,"event_uuid":"064ddc2f-a5de-44e7-83ca-147e2a6a6552","order_id":8878,"event_type":"payment_completed","integration_status":"skipped","source":"gateway"}
2026-08-02T13:23:38+00:00 INFO Payment event recorded. {"event_id":481,"event_uuid":"03388c5b-ae53-405e-ac61-3bb1cd4112e2","order_id":8880,"event_type":"payment_completed","source":"gateway","gateway":"cod"}
2026-08-02T13:23:38+00:00 ERROR Integration run failed. {"event_id":481,"event_uuid":"03388c5b-ae53-405e-ac61-3bb1cd4112e2","order_id":8880,"event_type":"payment_completed","code":"0"}
2026-08-02T13:23:38+00:00 INFO Payment event recorded. {"event_id":482,"event_uuid":"efc405a6-8da7-4c04-a4ed-344936294102","order_id":8882,"event_type":"payment_partially_refunded","source":"gateway","gateway":"cod"}
2026-08-02T13:23:38+00:00 INFO Integration run finished. {"event_id":482,"event_uuid":"efc405a6-8da7-4c04-a4ed-344936294102","order_id":8882,"event_type":"payment_partially_refunded","integration_status":"review","source":"gateway"}
2026-08-02T13:23:38+00:00 INFO Additional partial refund recorded against the existing event. {"event_id":482,"order_id":8882,"event_type":"payment_partially_refunded"}
2026-08-02T13:23:39+00:00 INFO Additional partial refund recorded against the existing event. {"event_id":482,"order_id":8882,"event_type":"payment_partially_refunded"}
2026-08-02T13:23:39+00:00 INFO Additional partial refund recorded against the existing event. {"event_id":482,"order_id":8882,"event_type":"payment_partially_refunded"}
2026-08-02T13:23:39+00:00 INFO Payment event recorded. {"event_id":486,"event_uuid":"9b3b71f3-2d1f-4b55-b5ee-ffea4cfbfad6","order_id":8882,"event_type":"payment_refunded","source":"gateway","gateway":"cod"}
2026-08-02T13:23:39+00:00 INFO Integration run finished. {"event_id":486,"event_uuid":"9b3b71f3-2d1f-4b55-b5ee-ffea4cfbfad6","order_id":8882,"event_type":"payment_refunded","integration_status":"skipped","source":"gateway"}
